###############################################################################
#                                                                             #
# IAR ELF Linker V6.50.3.4676/W32 for ARM               21/Apr/2019  12:29:11 #
# Copyright 2007-2013 IAR Systems AB.                                         #
#                                                                             #
#    Output file  =  D:\GitHubAndGitlab\OpenComunicationModule\src\iar\Debug\ #
#                    Exe\cpp.out                                              #
#    Map file     =  D:\GitHubAndGitlab\OpenComunicationModule\src\iar\Debug\ #
#                    List\cpp.map                                             #
#    Command line =  D:\GitHubAndGitlab\OpenComunicationModule\src\iar\Debug\ #
#                    Obj\ByteConversion.o D:\GitHubAndGitlab\OpenComunication #
#                    Module\src\iar\Debug\Obj\Clock.o                         #
#                    D:\GitHubAndGitlab\OpenComunicationModule\src\iar\Debug\ #
#                    Obj\Comand_protocol.o D:\GitHubAndGitlab\OpenComunicatio #
#                    nModule\src\iar\Debug\Obj\Comands.o                      #
#                    D:\GitHubAndGitlab\OpenComunicationModule\src\iar\Debug\ #
#                    Obj\FlashExtended.o "D:\GitHubAndGitlab\OpenComunication #
#                    Module\src\iar\Debug\Obj\I2C Core.o"                     #
#                    D:\GitHubAndGitlab\OpenComunicationModule\src\iar\Debug\ #
#                    Obj\Indep_WD.o D:\GitHubAndGitlab\OpenComunicationModule #
#                    \src\iar\Debug\Obj\LED.o D:\GitHubAndGitlab\OpenComunica #
#                    tionModule\src\iar\Debug\Obj\OCM.o                       #
#                    D:\GitHubAndGitlab\OpenComunicationModule\src\iar\Debug\ #
#                    Obj\SPI_Core.o D:\GitHubAndGitlab\OpenComunicationModule #
#                    \src\iar\Debug\Obj\Timer.o D:\GitHubAndGitlab\OpenComuni #
#                    cationModule\src\iar\Debug\Obj\USART_Core.o              #
#                    D:\GitHubAndGitlab\OpenComunicationModule\src\iar\Debug\ #
#                    Obj\USB_GPIO.o D:\GitHubAndGitlab\OpenComunicationModule #
#                    \src\iar\Debug\Obj\USB_Stream.o                          #
#                    D:\GitHubAndGitlab\OpenComunicationModule\src\iar\Debug\ #
#                    Obj\USB_StreamExample.o D:\GitHubAndGitlab\OpenComunicat #
#                    ionModule\src\iar\Debug\Obj\main.o                       #
#                    D:\GitHubAndGitlab\OpenComunicationModule\src\iar\Debug\ #
#                    Obj\misc.o D:\GitHubAndGitlab\OpenComunicationModule\src #
#                    \iar\Debug\Obj\startup_stm32f40_41xxx.o                  #
#                    D:\GitHubAndGitlab\OpenComunicationModule\src\iar\Debug\ #
#                    Obj\stm32f4xx_adc.o D:\GitHubAndGitlab\OpenComunicationM #
#                    odule\src\iar\Debug\Obj\stm32f4xx_can.o                  #
#                    D:\GitHubAndGitlab\OpenComunicationModule\src\iar\Debug\ #
#                    Obj\stm32f4xx_crc.o D:\GitHubAndGitlab\OpenComunicationM #
#                    odule\src\iar\Debug\Obj\stm32f4xx_cryp.o                 #
#                    D:\GitHubAndGitlab\OpenComunicationModule\src\iar\Debug\ #
#                    Obj\stm32f4xx_cryp_aes.o D:\GitHubAndGitlab\OpenComunica #
#                    tionModule\src\iar\Debug\Obj\stm32f4xx_cryp_des.o        #
#                    D:\GitHubAndGitlab\OpenComunicationModule\src\iar\Debug\ #
#                    Obj\stm32f4xx_cryp_tdes.o D:\GitHubAndGitlab\OpenComunic #
#                    ationModule\src\iar\Debug\Obj\stm32f4xx_dac.o            #
#                    D:\GitHubAndGitlab\OpenComunicationModule\src\iar\Debug\ #
#                    Obj\stm32f4xx_dbgmcu.o D:\GitHubAndGitlab\OpenComunicati #
#                    onModule\src\iar\Debug\Obj\stm32f4xx_dcmi.o              #
#                    D:\GitHubAndGitlab\OpenComunicationModule\src\iar\Debug\ #
#                    Obj\stm32f4xx_dma.o D:\GitHubAndGitlab\OpenComunicationM #
#                    odule\src\iar\Debug\Obj\stm32f4xx_dma2d.o                #
#                    D:\GitHubAndGitlab\OpenComunicationModule\src\iar\Debug\ #
#                    Obj\stm32f4xx_exti.o D:\GitHubAndGitlab\OpenComunication #
#                    Module\src\iar\Debug\Obj\stm32f4xx_flash.o               #
#                    D:\GitHubAndGitlab\OpenComunicationModule\src\iar\Debug\ #
#                    Obj\stm32f4xx_fsmc.o D:\GitHubAndGitlab\OpenComunication #
#                    Module\src\iar\Debug\Obj\stm32f4xx_gpio.o                #
#                    D:\GitHubAndGitlab\OpenComunicationModule\src\iar\Debug\ #
#                    Obj\stm32f4xx_hash.o D:\GitHubAndGitlab\OpenComunication #
#                    Module\src\iar\Debug\Obj\stm32f4xx_hash_md5.o            #
#                    D:\GitHubAndGitlab\OpenComunicationModule\src\iar\Debug\ #
#                    Obj\stm32f4xx_hash_sha1.o D:\GitHubAndGitlab\OpenComunic #
#                    ationModule\src\iar\Debug\Obj\stm32f4xx_i2c.o            #
#                    D:\GitHubAndGitlab\OpenComunicationModule\src\iar\Debug\ #
#                    Obj\stm32f4xx_iwdg.o D:\GitHubAndGitlab\OpenComunication #
#                    Module\src\iar\Debug\Obj\stm32f4xx_ltdc.o                #
#                    D:\GitHubAndGitlab\OpenComunicationModule\src\iar\Debug\ #
#                    Obj\stm32f4xx_pwr.o D:\GitHubAndGitlab\OpenComunicationM #
#                    odule\src\iar\Debug\Obj\stm32f4xx_rcc.o                  #
#                    D:\GitHubAndGitlab\OpenComunicationModule\src\iar\Debug\ #
#                    Obj\stm32f4xx_rng.o D:\GitHubAndGitlab\OpenComunicationM #
#                    odule\src\iar\Debug\Obj\stm32f4xx_rtc.o                  #
#                    D:\GitHubAndGitlab\OpenComunicationModule\src\iar\Debug\ #
#                    Obj\stm32f4xx_sai.o D:\GitHubAndGitlab\OpenComunicationM #
#                    odule\src\iar\Debug\Obj\stm32f4xx_sdio.o                 #
#                    D:\GitHubAndGitlab\OpenComunicationModule\src\iar\Debug\ #
#                    Obj\stm32f4xx_spi.o D:\GitHubAndGitlab\OpenComunicationM #
#                    odule\src\iar\Debug\Obj\stm32f4xx_syscfg.o               #
#                    D:\GitHubAndGitlab\OpenComunicationModule\src\iar\Debug\ #
#                    Obj\stm32f4xx_tim.o D:\GitHubAndGitlab\OpenComunicationM #
#                    odule\src\iar\Debug\Obj\stm32f4xx_usart.o                #
#                    D:\GitHubAndGitlab\OpenComunicationModule\src\iar\Debug\ #
#                    Obj\stm32f4xx_wwdg.o D:\GitHubAndGitlab\OpenComunication #
#                    Module\src\iar\Debug\Obj\system_stm32f4xx.o              #
#                    D:\GitHubAndGitlab\OpenComunicationModule\src\iar\Debug\ #
#                    Obj\usb_bsp.o D:\GitHubAndGitlab\OpenComunicationModule\ #
#                    src\iar\Debug\Obj\usb_core.o                             #
#                    D:\GitHubAndGitlab\OpenComunicationModule\src\iar\Debug\ #
#                    Obj\usb_dcd.o D:\GitHubAndGitlab\OpenComunicationModule\ #
#                    src\iar\Debug\Obj\usb_dcd_int.o                          #
#                    D:\GitHubAndGitlab\OpenComunicationModule\src\iar\Debug\ #
#                    Obj\usbd_core.o D:\GitHubAndGitlab\OpenComunicationModul #
#                    e\src\iar\Debug\Obj\usbd_ioreq.o                         #
#                    D:\GitHubAndGitlab\OpenComunicationModule\src\iar\Debug\ #
#                    Obj\usbd_req.o -o D:\GitHubAndGitlab\OpenComunicationMod #
#                    ule\src\iar\Debug\Exe\cpp.out --redirect                 #
#                    _Printf=_PrintfFull --redirect _Scanf=_ScanfFull --map   #
#                    D:\GitHubAndGitlab\OpenComunicationModule\src\iar\Debug\ #
#                    List\cpp.map --log libraries,initialization,modules,redi #
#                    rects,sections,veneers,unused_fragments --log_file       #
#                    D:\GitHubAndGitlab\OpenComunicationModule\src\iar\Debug\ #
#                    List\cpp.log --config "C:\Program Files (x86)\IAR        #
#                    Systems\Embedded Workbench 6.5\arm\config\linker\ST\stm3 #
#                    2f407xG.icf" --semihosting --entry __iar_program_start   #
#                    --vfe                                                    #
#                                                                             #
#                                                                             #
###############################################################################

*******************************************************************************
*** RUNTIME MODEL ATTRIBUTES
***

CppFlavor                 = *
__CPP_Exceptions          = Used
__CPP_Language            = C++
__Heap_Handler            = DLMalloc
__SystemLibrary           = DLib
__dlib_iterator_debugging = 0


*******************************************************************************
*** PLACEMENT SUMMARY
***

"A1":  place at 0x08000000 { ro section .intvec };
"P1":  place in [from 0x08000000 to 0x080fffff] { ro };
"P2":  place in [from 0x20000000 to 0x2001ffff] { rw, block CSTACK, block HEAP };

  Section            Kind        Address    Size  Object
  -------            ----        -------    ----  ------
"A1":                                      0x188
  .intvec            ro code  0x08000000   0x188  startup_stm32f40_41xxx.o [1]
                            - 0x08000188   0x188

"P1":                                     0x47a0
  .text              ro code  0x08000188   0xf28  dlmalloc.o [3]
  .text              ro code  0x080010b0     0x6  abort.o [3]
  .text              ro code  0x080010b6    0x2e  copy_init3.o [6]
  .text              ro code  0x080010e4    0x2c  xgetmemchunk.o [3]
  .text              ro code  0x08001110    0x14  exit.o [7]
  .text              ro code  0x08001124   0xbec  usb_core.o [1]
  .text              ro code  0x08001d10    0x5a  usb_bsp.o [1]
  .text              ro code  0x08001d6a    0x22  zero_init3.o [6]
  .text              ro code  0x08001d8c    0x94  USB_GPIO.o [1]
  .text              ro code  0x08001e20    0x88  misc.o [1]
  .text              ro code  0x08001ea8   0x13a  Timer.o [1]
  .rodata            const    0x08001fe2     0x2  OCM.o [1]
  .text              ro code  0x08001fe4   0x2cc  stm32f4xx_rcc.o [1]
  .text              ro code  0x080022b0   0x250  stm32f4xx_gpio.o [1]
  .text              ro code  0x08002500   0x294  stm32f4xx_tim.o [1]
  .text              ro code  0x08002794   0x6be  usbd_req.o [1]
  .text              ro code  0x08002e52    0xb4  usbd_ioreq.o [1]
  .text              ro code  0x08002f06   0x346  usb_dcd.o [1]
  .text              ro code  0x0800324c   0x300  usbd_core.o [1]
  .text              ro code  0x0800354c   0x67a  usb_dcd_int.o [1]
  .rodata            const    0x08003bc6     0x2  OCM.o [1]
  .text              ro code  0x08003bc8   0x38c  OCM.o [1]
  .text              ro code  0x08003f54   0x14c  USB_Stream.o [1]
  .text              ro code  0x080040a0   0x180  system_stm32f4xx.o [1]
  .text              ro code  0x08004220    0xb0  Comands.o [1]
  .text              ro code  0x080042d0    0x60  Comand_protocol.o [1]
  .text              ro code  0x08004330    0x88  LED.o [1]
  .text              ro code  0x080043b8    0xa0  Clock.o [1]
  .text              ro code  0x08004458     0xc  stm32f4xx_flash.o [1]
  .text              ro code  0x08004464     0xc  stm32f4xx_syscfg.o [1]
  .text              ro code  0x08004470    0x92  stm32f4xx_usart.o [1]
  .rodata            const    0x08004502     0x1  unwind_debug.o [7]
  .text              ro code  0x08004504    0x4e  Indep_WD.o [1]
  .text              ro code  0x08004554    0x38  stm32f4xx_iwdg.o [1]
  .text              ro code  0x0800458c    0x48  USART_Core.o [1]
  .text              ro code  0x080045d4     0x6  stm32f4xx_dma.o [1]
  .text              ro code  0x080045dc    0x48  USB_StreamExample.o [1]
  .text              ro code  0x08004624    0x2e  main.o [1]
  .text              ro code  0x08004654    0x28  data_init.o [6]
  .iar.init_table    const    0x0800467c    0x34  - Linker created -
  .rodata            const    0x080046b0    0x1c  OCM.o [1]
  .text              ro code  0x080046cc    0x1a  fpinit_M.o [5]
  .text              ro code  0x080046e8    0x16  cmain.o [6]
  .text              ro code  0x080046fe     0x4  low_level_init.o [3]
  .text              ro code  0x08004702     0x4  exit.o [3]
  .text              ro code  0x08004708     0xa  cexit.o [6]
  .rodata            const    0x08004714    0x14  OCM.o [1]
  .text              ro code  0x08004728    0x10  startup_stm32f40_41xxx.o [1]
  .rodata            const    0x08004738     0xc  OCM.o [1]
  .text              ro code  0x08004744     0xc  cstartup_M.o [6]
  .rodata            const    0x08004750     0x8  OCM.o [1]
  .text              ro code  0x08004758     0x4  startup_stm32f40_41xxx.o [1]
  .text              ro code  0x0800475c     0x4  startup_stm32f40_41xxx.o [1]
  .text              ro code  0x08004760     0x4  startup_stm32f40_41xxx.o [1]
  .text              ro code  0x08004764     0x4  startup_stm32f40_41xxx.o [1]
  .text              ro code  0x08004768     0x4  startup_stm32f40_41xxx.o [1]
  .text              ro code  0x0800476c     0x4  startup_stm32f40_41xxx.o [1]
  .text              ro code  0x08004770     0x4  startup_stm32f40_41xxx.o [1]
  .text              ro code  0x08004774     0x4  startup_stm32f40_41xxx.o [1]
  .text              ro code  0x08004778     0x4  startup_stm32f40_41xxx.o [1]
  .text              ro code  0x0800477c     0x4  startup_stm32f40_41xxx.o [1]
  .text              ro code  0x08004780     0x4  startup_stm32f40_41xxx.o [1]
  .text              ro code  0x08004784     0x4  startup_stm32f40_41xxx.o [1]
  .text              ro code  0x08004788     0x4  startup_stm32f40_41xxx.o [1]
  .text              ro code  0x0800478c     0x4  startup_stm32f40_41xxx.o [1]
  .text              ro code  0x08004790     0x4  startup_stm32f40_41xxx.o [1]
  .text              ro code  0x08004794     0x4  startup_stm32f40_41xxx.o [1]
  .text              ro code  0x08004798     0x4  startup_stm32f40_41xxx.o [1]
  .text              ro code  0x0800479c     0x4  startup_stm32f40_41xxx.o [1]
  .text              ro code  0x080047a0     0x4  startup_stm32f40_41xxx.o [1]
  .text              ro code  0x080047a4     0x4  startup_stm32f40_41xxx.o [1]
  .text              ro code  0x080047a8     0x4  startup_stm32f40_41xxx.o [1]
  .text              ro code  0x080047ac     0x4  startup_stm32f40_41xxx.o [1]
  .text              ro code  0x080047b0     0x4  startup_stm32f40_41xxx.o [1]
  .text              ro code  0x080047b4     0x4  startup_stm32f40_41xxx.o [1]
  .text              ro code  0x080047b8     0x4  startup_stm32f40_41xxx.o [1]
  .text              ro code  0x080047bc     0x4  startup_stm32f40_41xxx.o [1]
  .text              ro code  0x080047c0     0x4  startup_stm32f40_41xxx.o [1]
  .text              ro code  0x080047c4     0x4  startup_stm32f40_41xxx.o [1]
  .text              ro code  0x080047c8     0x4  startup_stm32f40_41xxx.o [1]
  .text              ro code  0x080047cc     0x4  startup_stm32f40_41xxx.o [1]
  .text              ro code  0x080047d0     0x4  startup_stm32f40_41xxx.o [1]
  .text              ro code  0x080047d4     0x4  startup_stm32f40_41xxx.o [1]
  .text              ro code  0x080047d8     0x4  startup_stm32f40_41xxx.o [1]
  .text              ro code  0x080047dc     0x4  startup_stm32f40_41xxx.o [1]
  .text              ro code  0x080047e0     0x4  startup_stm32f40_41xxx.o [1]
  .text              ro code  0x080047e4     0x4  startup_stm32f40_41xxx.o [1]
  .text              ro code  0x080047e8     0x4  startup_stm32f40_41xxx.o [1]
  .text              ro code  0x080047ec     0x4  startup_stm32f40_41xxx.o [1]
  .text              ro code  0x080047f0     0x4  startup_stm32f40_41xxx.o [1]
  .text              ro code  0x080047f4     0x4  startup_stm32f40_41xxx.o [1]
  .text              ro code  0x080047f8     0x4  startup_stm32f40_41xxx.o [1]
  .text              ro code  0x080047fc     0x4  startup_stm32f40_41xxx.o [1]
  .text              ro code  0x08004800     0x4  startup_stm32f40_41xxx.o [1]
  .text              ro code  0x08004804     0x4  startup_stm32f40_41xxx.o [1]
  .text              ro code  0x08004808     0x4  startup_stm32f40_41xxx.o [1]
  .text              ro code  0x0800480c     0x4  startup_stm32f40_41xxx.o [1]
  .text              ro code  0x08004810     0x4  startup_stm32f40_41xxx.o [1]
  .text              ro code  0x08004814     0x4  startup_stm32f40_41xxx.o [1]
  .text              ro code  0x08004818     0x4  startup_stm32f40_41xxx.o [1]
  .text              ro code  0x0800481c     0x4  startup_stm32f40_41xxx.o [1]
  .text              ro code  0x08004820     0x4  startup_stm32f40_41xxx.o [1]
  .text              ro code  0x08004824     0x4  startup_stm32f40_41xxx.o [1]
  .text              ro code  0x08004828     0x4  startup_stm32f40_41xxx.o [1]
  .text              ro code  0x0800482c     0x4  startup_stm32f40_41xxx.o [1]
  .text              ro code  0x08004830     0x4  startup_stm32f40_41xxx.o [1]
  .text              ro code  0x08004834     0x4  startup_stm32f40_41xxx.o [1]
  .text              ro code  0x08004838     0x4  startup_stm32f40_41xxx.o [1]
  .text              ro code  0x0800483c     0x4  startup_stm32f40_41xxx.o [1]
  .text              ro code  0x08004840     0x4  startup_stm32f40_41xxx.o [1]
  .text              ro code  0x08004844     0x4  startup_stm32f40_41xxx.o [1]
  .text              ro code  0x08004848     0x4  startup_stm32f40_41xxx.o [1]
  .text              ro code  0x0800484c     0x4  startup_stm32f40_41xxx.o [1]
  .text              ro code  0x08004850     0x4  startup_stm32f40_41xxx.o [1]
  .text              ro code  0x08004854     0x4  startup_stm32f40_41xxx.o [1]
  .text              ro code  0x08004858     0x4  startup_stm32f40_41xxx.o [1]
  .text              ro code  0x0800485c     0x4  startup_stm32f40_41xxx.o [1]
  .text              ro code  0x08004860     0x4  startup_stm32f40_41xxx.o [1]
  .text              ro code  0x08004864     0x4  startup_stm32f40_41xxx.o [1]
  .text              ro code  0x08004868     0x4  startup_stm32f40_41xxx.o [1]
  .text              ro code  0x0800486c     0x4  startup_stm32f40_41xxx.o [1]
  .text              ro code  0x08004870     0x4  startup_stm32f40_41xxx.o [1]
  .text              ro code  0x08004874     0x4  startup_stm32f40_41xxx.o [1]
  .text              ro code  0x08004878     0x4  startup_stm32f40_41xxx.o [1]
  .text              ro code  0x0800487c     0x4  startup_stm32f40_41xxx.o [1]
  .text              ro code  0x08004880     0x4  startup_stm32f40_41xxx.o [1]
  .text              ro code  0x08004884     0x4  startup_stm32f40_41xxx.o [1]
  .text              ro code  0x08004888     0x4  startup_stm32f40_41xxx.o [1]
  .text              ro code  0x0800488c     0x4  startup_stm32f40_41xxx.o [1]
  .text              ro code  0x08004890     0x4  startup_stm32f40_41xxx.o [1]
  .text              ro code  0x08004894     0x4  startup_stm32f40_41xxx.o [1]
  .text              ro code  0x08004898     0x4  startup_stm32f40_41xxx.o [1]
  .text              ro code  0x0800489c     0x4  startup_stm32f40_41xxx.o [1]
  .text              ro code  0x080048a0     0x4  startup_stm32f40_41xxx.o [1]
  .text              ro code  0x080048a4     0x4  startup_stm32f40_41xxx.o [1]
  .text              ro code  0x080048a8     0x4  startup_stm32f40_41xxx.o [1]
  .text              ro code  0x080048ac     0x4  startup_stm32f40_41xxx.o [1]
  .text              ro code  0x080048b0     0x4  startup_stm32f40_41xxx.o [1]
  .text              ro code  0x080048b4     0x4  startup_stm32f40_41xxx.o [1]
  .text              ro code  0x080048b8     0x4  startup_stm32f40_41xxx.o [1]
  .text              ro code  0x080048bc     0x4  startup_stm32f40_41xxx.o [1]
  .text              ro code  0x080048c0     0x4  startup_stm32f40_41xxx.o [1]
  .rodata            const    0x080048c4     0x0  zero_init3.o [6]
  .rodata            const    0x080048c4     0x0  copy_init3.o [6]
  Initializer bytes  ro data  0x080048c4    0x64  <for P2 s0>
                            - 0x08004928  0x47a0

Absolute sections, part 1 of 2:           0x1000
  .bss               zero     0x10000000  0x1000  USB_StreamExample.o [1]
                            - 0x10001000  0x1000

Absolute sections, part 2 of 2:             0x14
  .bss               zero     0x10007530    0x14  USB_Stream.o [1]
                            - 0x10007544    0x14

"P2", part 1 of 3:                          0x64
  P2 s0                       0x20000000    0x64  <Init block>
    .data            inited   0x20000000    0x2c  usbd_core.o [1]
    .data            inited   0x2000002c    0x20  OCM.o [1]
    .data            inited   0x2000004c     0x4  OCM.o [1]
    .data            inited   0x20000050     0x4  OCM.o [1]
    .data            inited   0x20000054     0x4  OCM.o [1]
    .data            inited   0x20000058     0x4  OCM.o [1]
    .data            inited   0x2000005c     0x4  usbd_core.o [1]
    .data            inited   0x20000060     0x2  Indep_WD.o [1]
                            - 0x20000064    0x64

"P2", part 2 of 3:                         0xc34
  .bss               zero     0x20000064   0x5f4  OCM.o [1]
  .bss               zero     0x20000658   0x1d4  dlmalloc.o [3]
  .bss               zero     0x2000082c    0xc8  OCM.o [1]
  .bss               zero     0x200008f4    0xc8  OCM.o [1]
  .bss               zero     0x200009bc    0xc8  OCM.o [1]
  .bss               zero     0x20000a84    0xc8  OCM.o [1]
  .bss               zero     0x20000b4c    0x80  OCM.o [1]
  .bss               zero     0x20000bcc    0x2c  OCM.o [1]
  .bss               zero     0x20000bf8    0x1c  OCM.o [1]
  .bss               zero     0x20000c14    0x1c  OCM.o [1]
  .bss               zero     0x20000c30    0x18  dlmalloc.o [3]
  .bss               zero     0x20000c48    0x14  OCM.o [1]
  .bss               zero     0x20000c5c     0xc  LED.o [1]
  .bss               zero     0x20000c68     0xc  OCM.o [1]
  .bss               zero     0x20000c74     0x4  OCM.o [1]
  .bss               zero     0x20000c78     0x4  USB_StreamExample.o [1]
  .bss               zero     0x20000c7c     0x4  usbd_core.o [1]
  .bss               zero     0x20000c80     0x4  usbd_req.o [1]
  .bss               zero     0x20000c84     0x4  usbd_req.o [1]
  .bss               zero     0x20000c88     0x4  usbd_req.o [1]
  .bss               zero     0x20000c8c     0x4  xgetmemchunk.o [3]
  .bss               zero     0x20000c90     0x2  Comands.o [1]
  .bss               zero     0x20000c92     0x2  USART_Core.o [1]
  .bss               zero     0x20000c94     0x1  usbd_req.o [1]
                            - 0x20000c95   0xc31

"P2", part 3 of 3:                        0x4000
  CSTACK                      0x20000c98  0x2000  <Block>
    CSTACK           uninit   0x20000c98  0x2000  <Block tail>
  HEAP                        0x20002c98  0x2000  <Block>
    HEAP             uninit   0x20002c98  0x2000  <Block tail>
                            - 0x20004c98  0x4000


*******************************************************************************
*** INIT TABLE
***

          Address     Size
          -------     ----
Zero (__iar_zero_init3)
    3 destination ranges, total size 0x1c45:
          0x10000000  0x1000
          0x10007530    0x14
          0x20000064   0xc31

Copy (__iar_copy_init3)
    1 source range, total size 0x64 (102% of destination):
          0x080048c4    0x64
    1 destination range, total size 0x62:
          0x20000000    0x62



*******************************************************************************
*** MODULE SUMMARY
***

    Module                    ro code  ro data  rw data  rw data
                                                          (abs)
    ------                    -------  -------  -------  -------
D:\GitHubAndGitlab\OpenComunicationModule\src\iar\Debug\Obj: [1]
    Clock.o                       160
    Comand_protocol.o              96
    Comands.o                     176                 2
    Indep_WD.o                     78        2        2
    LED.o                         136                12
    OCM.o                         908      120    2 636
    Timer.o                       314
    USART_Core.o                   72                 2
    USB_GPIO.o                    148
    USB_Stream.o                  332                         20
    USB_StreamExample.o            72                 4    4 096
    main.o                         46
    misc.o                        136
    startup_stm32f40_41xxx.o      772
    stm32f4xx_dma.o                 6
    stm32f4xx_flash.o              12
    stm32f4xx_gpio.o              592
    stm32f4xx_iwdg.o               56
    stm32f4xx_rcc.o               716
    stm32f4xx_syscfg.o             12
    stm32f4xx_tim.o               660
    stm32f4xx_usart.o             146
    system_stm32f4xx.o            384
    usb_bsp.o                      90
    usb_core.o                  3 052
    usb_dcd.o                     838
    usb_dcd_int.o               1 658
    usbd_core.o                   768       48       52
    usbd_ioreq.o                  180
    usbd_req.o                  1 726                13
    ------------------------------------------------------------
    Total:                     14 342      170    2 723    4 116

command line: [2]
    ------------------------------------------------------------
    Total:

dl7M_tln.a: [3]
    abort.o                         6
    dlmalloc.o                  3 880               492
    exit.o                          4
    low_level_init.o                4
    xgetmemchunk.o                 44                 4
    ------------------------------------------------------------
    Total:                      3 938               496

dlpp7M_tl_nc.a: [4]
    ------------------------------------------------------------
    Total:

m7M_tlv.a: [5]
    fpinit_M.o                     26
    ------------------------------------------------------------
    Total:                         26

rt7M_tl.a: [6]
    cexit.o                        10
    cmain.o                        22
    copy_init3.o                   46
    cstartup_M.o                   12
    data_init.o                    40
    zero_init3.o                   34
    ------------------------------------------------------------
    Total:                        164

shb_l.a: [7]
    exit.o                         20
    unwind_debug.o                           1
    ------------------------------------------------------------
    Total:                         20        1

    Gaps                           11        2
    Linker created                          54   16 384
----------------------------------------------------------------
    Grand Total:               18 501      227   19 603    4 116


*******************************************************************************
*** ENTRY LIST
***

Entry                      Address    Size  Type      Object
-----                      -------    ----  ----      ------
?main                   0x080046e9          Code  Gb  cmain.o [6]
ADC_IRQHandler          0x080047c5          Code  Wk  startup_stm32f40_41xxx.o [1]
Buff                    0x10000000  0x1000  Data  Gb  USB_StreamExample.o [1]
BusFault_Handler        0x08004765          Code  Wk  startup_stm32f40_41xxx.o [1]
CAN1_RX0_IRQHandler     0x080047cd          Code  Wk  startup_stm32f40_41xxx.o [1]
CAN1_RX1_IRQHandler     0x080047d1          Code  Wk  startup_stm32f40_41xxx.o [1]
CAN1_SCE_IRQHandler     0x080047d5          Code  Wk  startup_stm32f40_41xxx.o [1]
CAN1_TX_IRQHandler      0x080047c9          Code  Wk  startup_stm32f40_41xxx.o [1]
CAN2_RX0_IRQHandler     0x0800487d          Code  Wk  startup_stm32f40_41xxx.o [1]
CAN2_RX1_IRQHandler     0x08004881          Code  Wk  startup_stm32f40_41xxx.o [1]
CAN2_SCE_IRQHandler     0x08004885          Code  Wk  startup_stm32f40_41xxx.o [1]
CAN2_TX_IRQHandler      0x08004879          Code  Wk  startup_stm32f40_41xxx.o [1]
CRYP_IRQHandler         0x080048b9          Code  Wk  startup_stm32f40_41xxx.o [1]
CSTACK$$Base            0x20000c98           --   Gb  - Linker created -
CSTACK$$Limit           0x20002c98           --   Gb  - Linker created -
Clock_HSE_Init          0x080043e5    0x68  Code  Gb  Clock.o [1]
Clock_HSI_Init          0x080043b9    0x2c  Code  Gb  Clock.o [1]
Clock_InitUSB           0x0800444d     0xc  Code  Gb  Clock.o [1]
Comand_protocol_CheckData
                        0x080042f3    0x10  Code  Gb  Comand_protocol.o [1]
Comand_protocol_CheckHeader
                        0x080042d1    0x22  Code  Gb  Comand_protocol.o [1]
Comand_protocol_GetRequstedByteCount
                        0x08004325     0xc  Code  Gb  Comand_protocol.o [1]
Comand_protocol_parcer  0x08004303    0x22  Code  Gb  Comand_protocol.o [1]
Comands_ID_READ_LED_Blinky_EV
                        0x080042a3    0x28  Code  Gb  Comands.o [1]
Comands_ID_WRITE_LED_Blinky_EV
                        0x08004295     0xe  Code  Gb  Comands.o [1]
Comands_ID_WRITE_LED_OFF_EV
                        0x08004289     0xc  Code  Gb  Comands.o [1]
Comands_ID_WRITE_LED_ON_EV
                        0x0800427d     0xc  Code  Gb  Comands.o [1]
Comands_ProcessLoop     0x08004221    0x5c  Code  Gb  Comands.o [1]
DCD_EP_Close            0x08003025    0x4a  Code  Gb  usb_dcd.o [1]
DCD_EP_ClrStall         0x08003183    0x50  Code  Gb  usb_dcd.o [1]
DCD_EP_Flush            0x080031d3    0x24  Code  Gb  usb_dcd.o [1]
DCD_EP_Open             0x08002fa9    0x7c  Code  Gb  usb_dcd.o [1]
DCD_EP_PrepareRx        0x0800306f    0x66  Code  Gb  usb_dcd.o [1]
DCD_EP_SetAddress       0x080031f7    0x1a  Code  Gb  usb_dcd.o [1]
DCD_EP_Stall            0x08003133    0x50  Code  Gb  usb_dcd.o [1]
DCD_EP_Tx               0x080030d5    0x5e  Code  Gb  usb_dcd.o [1]
DCD_HandleEnumDone_ISR  0x08003b05    0x4e  Code  Lc  usb_dcd_int.o [1]
DCD_HandleInEP_ISR      0x08003709   0x102  Code  Lc  usb_dcd_int.o [1]
DCD_HandleOutEP_ISR     0x0800380b    0xd8  Code  Lc  usb_dcd_int.o [1]
DCD_HandleResume_ISR    0x08003637    0x4c  Code  Lc  usb_dcd_int.o [1]
DCD_HandleRxStatusQueueLevel_ISR
                        0x08003901    0x9e  Code  Lc  usb_dcd_int.o [1]
DCD_HandleSof_ISR       0x080038e3    0x1e  Code  Lc  usb_dcd_int.o [1]
DCD_HandleUSBSuspend_ISR
                        0x08003683    0x86  Code  Lc  usb_dcd_int.o [1]
DCD_HandleUsbReset_ISR  0x08003a3f    0xc6  Code  Lc  usb_dcd_int.o [1]
DCD_Init                0x08002f07    0xa2  Code  Gb  usb_dcd.o [1]
DCD_IsoINIncomplete_ISR
                        0x08003b53    0x1e  Code  Lc  usb_dcd_int.o [1]
DCD_IsoOUTIncomplete_ISR
                        0x08003b71    0x1e  Code  Lc  usb_dcd_int.o [1]
DCD_ReadDevInEP         0x08003b99    0x2e  Code  Lc  usb_dcd_int.o [1]
DCD_SetEPStatus         0x08003211    0x3c  Code  Gb  usb_dcd.o [1]
DCD_WriteEmptyTxFifo    0x0800399f    0xa0  Code  Lc  usb_dcd_int.o [1]
DCMI_IRQHandler         0x080048b5          Code  Wk  startup_stm32f40_41xxx.o [1]
DMA1_Stream0_IRQHandler
                        0x080047a9          Code  Wk  startup_stm32f40_41xxx.o [1]
DMA1_Stream1_IRQHandler
                        0x080047ad          Code  Wk  startup_stm32f40_41xxx.o [1]
DMA1_Stream2_IRQHandler
                        0x080047b1          Code  Wk  startup_stm32f40_41xxx.o [1]
DMA1_Stream3_IRQHandler
                        0x080047b5          Code  Wk  startup_stm32f40_41xxx.o [1]
DMA1_Stream4_IRQHandler
                        0x080047b9          Code  Wk  startup_stm32f40_41xxx.o [1]
DMA1_Stream5_IRQHandler
                        0x080047bd          Code  Wk  startup_stm32f40_41xxx.o [1]
DMA1_Stream6_IRQHandler
                        0x080047c1          Code  Wk  startup_stm32f40_41xxx.o [1]
DMA1_Stream7_IRQHandler
                        0x08004839          Code  Wk  startup_stm32f40_41xxx.o [1]
DMA2_Stream0_IRQHandler
                        0x0800485d          Code  Wk  startup_stm32f40_41xxx.o [1]
DMA2_Stream1_IRQHandler
                        0x08004861          Code  Wk  startup_stm32f40_41xxx.o [1]
DMA2_Stream2_IRQHandler
                        0x08004865          Code  Wk  startup_stm32f40_41xxx.o [1]
DMA2_Stream3_IRQHandler
                        0x08004869          Code  Wk  startup_stm32f40_41xxx.o [1]
DMA2_Stream4_IRQHandler
                        0x0800486d          Code  Wk  startup_stm32f40_41xxx.o [1]
DMA2_Stream5_IRQHandler
                        0x0800488d          Code  Wk  startup_stm32f40_41xxx.o [1]
DMA2_Stream6_IRQHandler
                        0x08004891          Code  Wk  startup_stm32f40_41xxx.o [1]
DMA2_Stream7_IRQHandler
                        0x08004895          Code  Wk  startup_stm32f40_41xxx.o [1]
DMA_GetCurrDataCounter  0x080045d5     0x6  Code  Gb  stm32f4xx_dma.o [1]
DebugMon_Handler        0x08004771          Code  Wk  startup_stm32f40_41xxx.o [1]
Descriptor              0x20000b4c    0x80  Data  Gb  OCM.o [1]
ETH_IRQHandler          0x08004871          Code  Wk  startup_stm32f40_41xxx.o [1]
ETH_WKUP_IRQHandler     0x08004875          Code  Wk  startup_stm32f40_41xxx.o [1]
EXTI0_IRQHandler        0x08004795          Code  Wk  startup_stm32f40_41xxx.o [1]
EXTI15_10_IRQHandler    0x0800481d          Code  Wk  startup_stm32f40_41xxx.o [1]
EXTI1_IRQHandler        0x08004799          Code  Wk  startup_stm32f40_41xxx.o [1]
EXTI2_IRQHandler        0x0800479d          Code  Wk  startup_stm32f40_41xxx.o [1]
EXTI3_IRQHandler        0x080047a1          Code  Wk  startup_stm32f40_41xxx.o [1]
EXTI4_IRQHandler        0x080047a5          Code  Wk  startup_stm32f40_41xxx.o [1]
EXTI9_5_IRQHandler      0x080047d9          Code  Wk  startup_stm32f40_41xxx.o [1]
FLASH_IRQHandler        0x0800478d          Code  Wk  startup_stm32f40_41xxx.o [1]
FLASH_SetLatency        0x08004459     0x8  Code  Gb  stm32f4xx_flash.o [1]
FPU_IRQHandler          0x080048c1          Code  Wk  startup_stm32f40_41xxx.o [1]
FSMC_IRQHandler         0x0800483d          Code  Wk  startup_stm32f40_41xxx.o [1]
GPIO_DeInit             0x080022b1   0x118  Code  Gb  stm32f4xx_gpio.o [1]
GPIO_Init               0x080023f5    0xaa  Code  Gb  stm32f4xx_gpio.o [1]
GPIO_PinAFConfig        0x080024a7    0x5a  Code  Gb  stm32f4xx_gpio.o [1]
GPIO_ResetBits          0x080024a3     0x4  Code  Gb  stm32f4xx_gpio.o [1]
GPIO_SetBits            0x0800249f     0x4  Code  Gb  stm32f4xx_gpio.o [1]
GuardTime               0x20000060     0x2  Data  Gb  Indep_WD.o [1]
HASH_RNG_IRQHandler     0x080048bd          Code  Wk  startup_stm32f40_41xxx.o [1]
HEAP$$Base              0x20002c98           --   Gb  - Linker created -
HEAP$$Limit             0x20004c98           --   Gb  - Linker created -
HardFault_Handler       0x0800475d          Code  Wk  startup_stm32f40_41xxx.o [1]
I2C1_ER_IRQHandler      0x080047fd          Code  Wk  startup_stm32f40_41xxx.o [1]
I2C1_EV_IRQHandler      0x080047f9          Code  Wk  startup_stm32f40_41xxx.o [1]
I2C2_ER_IRQHandler      0x08004805          Code  Wk  startup_stm32f40_41xxx.o [1]
I2C2_EV_IRQHandler      0x08004801          Code  Wk  startup_stm32f40_41xxx.o [1]
I2C3_ER_IRQHandler      0x080048a1          Code  Wk  startup_stm32f40_41xxx.o [1]
I2C3_EV_IRQHandler      0x0800489d          Code  Wk  startup_stm32f40_41xxx.o [1]
IWDG_Enable             0x08004577     0xa  Code  Gb  stm32f4xx_iwdg.o [1]
IWDG_ReloadCounter      0x0800456d     0xa  Code  Gb  stm32f4xx_iwdg.o [1]
IWDG_SetPrescaler       0x0800455d     0x8  Code  Gb  stm32f4xx_iwdg.o [1]
IWDG_SetReload          0x08004565     0x8  Code  Gb  stm32f4xx_iwdg.o [1]
IWDG_WriteAccessCmd     0x08004555     0x8  Code  Gb  stm32f4xx_iwdg.o [1]
LEDS                    0x20000c5c     0xc  Data  Gb  LED.o [1]
LED_Init                0x08004331    0x4c  Code  Gb  LED.o [1]
LED_RedOff              0x08004387     0xa  Code  Gb  LED.o [1]
LED_RedOn               0x0800437d     0xa  Code  Gb  LED.o [1]
LED_Reset_RED           0x08004399    0x10  Code  Gb  LED.o [1]
LED_Set_RED             0x080043a9    0x10  Code  Gb  LED.o [1]
MemManage_Handler       0x08004761          Code  Wk  startup_stm32f40_41xxx.o [1]
N                       0x20000c78     0x4  Data  Gb  USB_StreamExample.o [1]
NMI_Handler             0x08004759          Code  Wk  startup_stm32f40_41xxx.o [1]
NVIC_EnableIRQ          0x08001ea9    0x18  Code  Lc  Timer.o [1]
NVIC_Init               0x08001e2b    0x6a  Code  Gb  misc.o [1]
NVIC_PriorityGroupConfig
                        0x08001e21     0xa  Code  Gb  misc.o [1]
OCM_DataIn              0x08003ce7    0x1e  Code  Gb  OCM.o [1]
OCM_DataOut             0x08003d05    0x1c  Code  Gb  OCM.o [1]
OCM_DeInit              0x08003cb1    0x1a  Code  Gb  OCM.o [1]
OCM_DeviceConfigured    0x08003bd5     0x2  Code  Gb  OCM.o [1]
OCM_DeviceConnected     0x08003bdb     0x2  Code  Gb  OCM.o [1]
OCM_DeviceDisconnected  0x08003bdd     0x2  Code  Gb  OCM.o [1]
OCM_DeviceInit          0x08003bd1     0x2  Code  Gb  OCM.o [1]
OCM_DeviceInitLowLevel  0x08003bc9     0x8  Code  Gb  OCM.o [1]
OCM_DeviceReset         0x08003bd3     0x2  Code  Gb  OCM.o [1]
OCM_DeviceResumed       0x08003bd9     0x2  Code  Gb  OCM.o [1]
OCM_DeviceSuspended     0x08003bd7     0x2  Code  Gb  OCM.o [1]
OCM_EP0_RxReady         0x08003ce1     0x6  Code  Gb  OCM.o [1]
OCM_EP0_TxSent          0x08003cdb     0x6  Code  Gb  OCM.o [1]
OCM_GetConfigDescriptor
                        0x08003d21     0xa  Code  Gb  OCM.o [1]
OCM_GetConfigurationStrDescriptor
                        0x08003c31    0x16  Code  Gb  OCM.o [1]
OCM_GetDeviceDescriptor
                        0x08003bdf     0xa  Code  Gb  OCM.o [1]
OCM_GetInterfaceStrDescriptor
                        0x08003c47    0x16  Code  Gb  OCM.o [1]
OCM_GetLangIDStrDescriptor
                        0x08003be9     0x6  Code  Gb  OCM.o [1]
OCM_GetManufacturerStrDescriptor
                        0x08003bef    0x16  Code  Gb  OCM.o [1]
OCM_GetProductStrDescriptor
                        0x08003c05    0x16  Code  Gb  OCM.o [1]
OCM_GetReceivedByteCountFromEndpont
                        0x08003e8b    0x10  Code  Gb  OCM.o [1]
OCM_GetSerialStrDescriptor
                        0x08003c1b    0x16  Code  Gb  OCM.o [1]
OCM_Handle              0x20000064   0x5f4  Data  Gb  OCM.o [1]
OCM_Init                0x08003c5d    0x54  Code  Gb  OCM.o [1]
OCM_InitDescriptors     0x08003d4f    0xa8  Code  Gb  OCM.o [1]
OCM_InitUSBD_Class      0x08003df7    0x32  Code  Gb  OCM.o [1]
OCM_InitUSBD_DEVICE     0x08003e29    0x2c  Code  Gb  OCM.o [1]
OCM_InitUSBD_Usr_cb     0x08003e55    0x2c  Code  Gb  OCM.o [1]
OCM_InterfaceName       0x20000058     0x4  Data  Gb  OCM.o [1]
OCM_LowLevelInit        0x08003d2b    0x24  Code  Gb  OCM.o [1]
OCM_Name                0x2000004c     0x4  Data  Gb  OCM.o [1]
OCM_PID                 0x08003bc6     0x2  Data  Gb  OCM.o [1]
OCM_SendBulk            0x08003e9b    0x16  Code  Gb  OCM.o [1]
OCM_SerialNumber        0x20000054     0x4  Data  Gb  OCM.o [1]
OCM_Setup               0x08003ccb    0x10  Code  Gb  OCM.o [1]
OCM_USBD_Class          0x20000bcc    0x2c  Data  Gb  OCM.o [1]
OCM_USBD_DEVICE         0x20000bf8    0x1c  Data  Gb  OCM.o [1]
OCM_USBD_Usr_cb         0x20000c14    0x1c  Data  Gb  OCM.o [1]
OCM_USB_DeviceDescriptor
                        0x20000c48    0x14  Data  Gb  OCM.o [1]
OCM_USB_LangIDDescriptor
                        0x20000c74     0x4  Data  Gb  OCM.o [1]
OCM_USB_device_qualifier
                        0x20000c68     0xc  Data  Gb  OCM.o [1]
OCM_VID                 0x08001fe2     0x2  Data  Gb  OCM.o [1]
OCM_Vendor_Name         0x20000050     0x4  Data  Gb  OCM.o [1]
OTG_FS_IRQHandler       0x08003e81     0xa  Code  Gb  OCM.o [1]
OTG_FS_WKUP_IRQHandler  0x08004825          Code  Wk  startup_stm32f40_41xxx.o [1]
OTG_HS_EP1_IN_IRQHandler
                        0x080048a9          Code  Wk  startup_stm32f40_41xxx.o [1]
OTG_HS_EP1_OUT_IRQHandler
                        0x080048a5          Code  Wk  startup_stm32f40_41xxx.o [1]
OTG_HS_IRQHandler       0x080048b1          Code  Wk  startup_stm32f40_41xxx.o [1]
OTG_HS_WKUP_IRQHandler  0x080048ad          Code  Wk  startup_stm32f40_41xxx.o [1]
PVD_IRQHandler          0x08004781          Code  Wk  startup_stm32f40_41xxx.o [1]
PendSV_Handler          0x08004775          Code  Wk  startup_stm32f40_41xxx.o [1]
RCC_AHB1PeriphClockCmd  0x08002141    0x1e  Code  Gb  stm32f4xx_rcc.o [1]
RCC_AHB1PeriphResetCmd  0x0800219b    0x1e  Code  Gb  stm32f4xx_rcc.o [1]
RCC_AHB2PeriphClockCmd  0x0800215f    0x1e  Code  Gb  stm32f4xx_rcc.o [1]
RCC_APB1PeriphClockCmd  0x0800217d    0x1e  Code  Gb  stm32f4xx_rcc.o [1]
RCC_APB1PeriphResetCmd  0x080021b9    0x1e  Code  Gb  stm32f4xx_rcc.o [1]
RCC_APB2PeriphResetCmd  0x080021d7    0x1e  Code  Gb  stm32f4xx_rcc.o [1]
RCC_ClearFlag           0x08002245     0xe  Code  Gb  stm32f4xx_rcc.o [1]
RCC_DeInit              0x08001fe5    0x6a  Code  Gb  stm32f4xx_rcc.o [1]
RCC_GetFlagStatus       0x080021f5    0x50  Code  Gb  stm32f4xx_rcc.o [1]
RCC_HCLKConfig          0x080020f7    0x18  Code  Gb  stm32f4xx_rcc.o [1]
RCC_HSEConfig           0x0800204f    0x10  Code  Gb  stm32f4xx_rcc.o [1]
RCC_HSICmd              0x0800209f     0xa  Code  Gb  stm32f4xx_rcc.o [1]
RCC_IRQHandler          0x08004791          Code  Wk  startup_stm32f40_41xxx.o [1]
RCC_LSICmd              0x080020a9     0xa  Code  Gb  stm32f4xx_rcc.o [1]
RCC_PCLK1Config         0x0800210f    0x18  Code  Gb  stm32f4xx_rcc.o [1]
RCC_PCLK2Config         0x08002127    0x1a  Code  Gb  stm32f4xx_rcc.o [1]
RCC_PLLCmd              0x080020d5     0xa  Code  Gb  stm32f4xx_rcc.o [1]
RCC_PLLConfig           0x080020b3    0x22  Code  Gb  stm32f4xx_rcc.o [1]
RCC_SYSCLKConfig        0x080020df    0x18  Code  Gb  stm32f4xx_rcc.o [1]
RCC_WaitForHSEStartUp   0x0800205f    0x40  Code  Gb  stm32f4xx_rcc.o [1]
RTC_Alarm_IRQHandler    0x08004821          Code  Wk  startup_stm32f40_41xxx.o [1]
RTC_WKUP_IRQHandler     0x08004789          Code  Wk  startup_stm32f40_41xxx.o [1]
ReceiveStack            0x10007530    0x14  Data  Gb  USB_Stream.o [1]
ReceivedByteCount       0x20000c92     0x2  Data  Gb  USART_Core.o [1]
Region$$Table$$Base     0x0800467c           --   Gb  - Linker created -
Region$$Table$$Limit    0x080046b0           --   Gb  - Linker created -
Reset_Handler           0x08004729          Code  Wk  startup_stm32f40_41xxx.o [1]
SDIO_IRQHandler         0x08004841          Code  Wk  startup_stm32f40_41xxx.o [1]
SET_TEST_MODE           0x20000c7c     0x4  Data  Gb  usbd_core.o [1]
SPI1_IRQHandler         0x08004809          Code  Wk  startup_stm32f40_41xxx.o [1]
SPI2_IRQHandler         0x0800480d          Code  Wk  startup_stm32f40_41xxx.o [1]
SPI3_IRQHandler         0x08004849          Code  Wk  startup_stm32f40_41xxx.o [1]
SVC_Handler             0x0800476d          Code  Wk  startup_stm32f40_41xxx.o [1]
SYSCFG_CompensationCellCmd
                        0x08004465     0x8  Code  Gb  stm32f4xx_syscfg.o [1]
SetSysClock             0x080040f3    0xf4  Code  Lc  system_stm32f4xx.o [1]
SysTick_Handler         0x08004779          Code  Wk  startup_stm32f40_41xxx.o [1]
SystemInit              0x080040a1    0x52  Code  Gb  system_stm32f4xx.o [1]
TAMP_STAMP_IRQHandler   0x08004785          Code  Wk  startup_stm32f40_41xxx.o [1]
TIM1_BRK_TIM9_IRQHandler
                        0x080047dd          Code  Wk  startup_stm32f40_41xxx.o [1]
TIM1_CC_IRQHandler      0x080047e9          Code  Wk  startup_stm32f40_41xxx.o [1]
TIM1_TRG_COM_TIM11_IRQHandler
                        0x080047e5          Code  Wk  startup_stm32f40_41xxx.o [1]
TIM1_UP_TIM10_IRQHandler
                        0x080047e1          Code  Wk  startup_stm32f40_41xxx.o [1]
TIM2_IRQHandler         0x08001fbd    0x26  Code  Gb  Timer.o [1]
TIM3_IRQHandler         0x080047f1          Code  Wk  startup_stm32f40_41xxx.o [1]
TIM4_IRQHandler         0x080047f5          Code  Wk  startup_stm32f40_41xxx.o [1]
TIM5_IRQHandler         0x08004845          Code  Wk  startup_stm32f40_41xxx.o [1]
TIM6_DAC_IRQHandler     0x08004855          Code  Wk  startup_stm32f40_41xxx.o [1]
TIM7_IRQHandler         0x08004859          Code  Wk  startup_stm32f40_41xxx.o [1]
TIM8_BRK_TIM12_IRQHandler
                        0x08004829          Code  Wk  startup_stm32f40_41xxx.o [1]
TIM8_CC_IRQHandler      0x08004835          Code  Wk  startup_stm32f40_41xxx.o [1]
TIM8_TRG_COM_TIM14_IRQHandler
                        0x08004831          Code  Wk  startup_stm32f40_41xxx.o [1]
TIM8_UP_TIM13_IRQHandler
                        0x0800482d          Code  Wk  startup_stm32f40_41xxx.o [1]
TIM_ClearITPendingBit   0x0800278d     0x8  Code  Gb  stm32f4xx_tim.o [1]
TIM_Cmd                 0x080026f5    0x1c  Code  Gb  stm32f4xx_tim.o [1]
TIM_DeInit              0x08002501   0x17c  Code  Gb  stm32f4xx_tim.o [1]
TIM_GetITStatus         0x0800275b    0x32  Code  Gb  stm32f4xx_tim.o [1]
TIM_ITConfig            0x08002745    0x16  Code  Gb  stm32f4xx_tim.o [1]
TIM_PrescalerConfig     0x080026e7     0x6  Code  Gb  stm32f4xx_tim.o [1]
TIM_SetAutoreload       0x080026f1     0x4  Code  Gb  stm32f4xx_tim.o [1]
TIM_SetCounter          0x080026ed     0x4  Code  Gb  stm32f4xx_tim.o [1]
TIM_TimeBaseInit        0x0800267d    0x6a  Code  Gb  stm32f4xx_tim.o [1]
Time                    0x20000c90     0x2  Data  Gb  Comands.o [1]
Timer_InitMilisecond    0x08001ec1    0x50  Code  Gb  Timer.o [1]
Timer_PrepareWaitTimer  0x08001f21    0x5e  Code  Gb  Timer.o [1]
Timer_WaitLoop          0x08001f15     0xc  Code  Gb  Timer.o [1]
Timer_WaitMicrosec      0x08001f9f    0x1e  Code  Gb  Timer.o [1]
Timer_WaitMilisec       0x08001f7f    0x20  Code  Gb  Timer.o [1]
UART4_IRQHandler        0x0800484d          Code  Wk  startup_stm32f40_41xxx.o [1]
UART5_IRQHandler        0x08004851          Code  Wk  startup_stm32f40_41xxx.o [1]
USART1_IRQHandler       0x08004811          Code  Wk  startup_stm32f40_41xxx.o [1]
USART2_IRQHandler       0x0800458d    0x3a  Code  Gb  USART_Core.o [1]
USART3_IRQHandler       0x08004819          Code  Wk  startup_stm32f40_41xxx.o [1]
USART6_IRQHandler       0x08004899          Code  Wk  startup_stm32f40_41xxx.o [1]
USART_ClearITPendingBit
                        0x080044df    0x24  Code  Gb  stm32f4xx_usart.o [1]
USART_GetITStatus       0x08004471    0x6e  Code  Gb  stm32f4xx_usart.o [1]
USBD_ClrCfg             0x08003511    0x18  Code  Gb  usbd_core.o [1]
USBD_ClrFeature         0x08002d5d    0x3a  Code  Lc  usbd_req.o [1]
USBD_CtlContinueRx      0x08002ea1    0x1e  Code  Gb  usbd_ioreq.o [1]
USBD_CtlContinueSendData
                        0x08002e83    0x1e  Code  Gb  usbd_ioreq.o [1]
USBD_CtlError           0x08002ddb    0x1e  Code  Gb  usbd_req.o [1]
USBD_CtlReceiveStatus   0x08002ee3    0x24  Code  Gb  usbd_ioreq.o [1]
USBD_CtlSendData        0x08002e53    0x30  Code  Gb  usbd_ioreq.o [1]
USBD_CtlSendStatus      0x08002ebf    0x24  Code  Gb  usbd_ioreq.o [1]
USBD_DCD_INT_cb         0x20000000    0x2c  Data  Gb  usbd_core.o [1]
USBD_DCD_INT_fops       0x2000005c     0x4  Data  Gb  usbd_core.o [1]
USBD_DataInStage        0x08003383    0xd2  Code  Lc  usbd_core.o [1]
USBD_DataOutStage       0x080032e9    0x9a  Code  Lc  usbd_core.o [1]
USBD_DeInit             0x08003291     0x6  Code  Gb  usbd_core.o [1]
USBD_GetConfig          0x08002c2f    0x48  Code  Lc  usbd_req.o [1]
USBD_GetDescriptor      0x080029d3   0x136  Code  Lc  usbd_req.o [1]
USBD_GetLen             0x08002e3f    0x14  Code  Lc  usbd_req.o [1]
USBD_GetStatus          0x08002c77    0x40  Code  Lc  usbd_req.o [1]
USBD_GetString          0x08002df9    0x46  Code  Gb  usbd_req.o [1]
USBD_Init               0x0800324d    0x44  Code  Gb  usbd_core.o [1]
USBD_IsoINIncomplete    0x08003529    0x12  Code  Lc  usbd_core.o [1]
USBD_IsoOUTIncomplete   0x0800353b    0x12  Code  Lc  usbd_core.o [1]
USBD_OCM_CfgDesc        0x2000002c    0x20  Data  Gb  OCM.o [1]
USBD_OTG_ISR_Handler    0x0800354d    0xea  Code  Gb  usb_dcd_int.o [1]
USBD_ParseSetupRequest  0x08002d97    0x44  Code  Gb  usbd_req.o [1]
USBD_Reset              0x08003469    0x30  Code  Lc  usbd_core.o [1]
USBD_Resume             0x08003499    0x1e  Code  Lc  usbd_core.o [1]
USBD_RunTestMode        0x08003455     0xe  Code  Lc  usbd_core.o [1]
USBD_SOF                0x080034d5    0x1c  Code  Lc  usbd_core.o [1]
USBD_SetAddress         0x08002b09    0x60  Code  Lc  usbd_req.o [1]
USBD_SetCfg             0x080034f1    0x20  Code  Gb  usbd_core.o [1]
USBD_SetConfig          0x08002b69    0xc6  Code  Lc  usbd_req.o [1]
USBD_SetFeature         0x08002cb7    0x90  Code  Lc  usbd_req.o [1]
USBD_SetupStage         0x08003297    0x52  Code  Lc  usbd_core.o [1]
USBD_StdDevReq          0x08002795    0x7c  Code  Gb  usbd_req.o [1]
USBD_StdEPReq           0x0800285f   0x174  Code  Gb  usbd_req.o [1]
USBD_StdItfReq          0x08002811    0x4e  Code  Gb  usbd_req.o [1]
USBD_Suspend            0x080034b7    0x1e  Code  Lc  usbd_core.o [1]
USBD_cfg_status         0x20000c88     0x4  Data  Gb  usbd_req.o [1]
USBD_default_cfg        0x20000c84     0x4  Data  Gb  usbd_req.o [1]
USBD_ep_status          0x20000c80     0x4  Data  Gb  usbd_req.o [1]
USB_GPIO_DA_Init        0x08001da7    0x40  Code  Gb  USB_GPIO.o [1]
USB_GPIO_DA_VBUS_Init   0x08001de7    0x36  Code  Gb  USB_GPIO.o [1]
USB_GPIO_Init           0x08001d8d    0x1a  Code  Gb  USB_GPIO.o [1]
USB_OTG_BSP_EnableInterrupt
                        0x08001d21    0x2e  Code  Gb  usb_bsp.o [1]
USB_OTG_BSP_Init        0x08001d11    0x10  Code  Gb  usb_bsp.o [1]
USB_OTG_BSP_mDelay      0x08001d5d     0xe  Code  Gb  usb_bsp.o [1]
USB_OTG_BSP_uDelay      0x08001d4f     0xe  Code  Gb  usb_bsp.o [1]
USB_OTG_CoreInit        0x080012fd    0xce  Code  Gb  usb_core.o [1]
USB_OTG_CoreInitDev     0x0800151b   0x1a2  Code  Gb  usb_core.o [1]
USB_OTG_CoreReset       0x08001147    0x60  Code  Lc  usb_core.o [1]
USB_OTG_DisableGlobalInt
                        0x080013e9    0x1e  Code  Gb  usb_core.o [1]
USB_OTG_EP0Activate     0x0800174b    0x50  Code  Gb  usb_core.o [1]
USB_OTG_EP0StartXfer    0x080019f9   0x12c  Code  Gb  usb_core.o [1]
USB_OTG_EP0_OutStart    0x08001bef    0x52  Code  Gb  usb_core.o [1]
USB_OTG_EPActivate      0x0800179b    0x7a  Code  Gb  usb_core.o [1]
USB_OTG_EPClearStall    0x08001b6f    0x46  Code  Gb  usb_core.o [1]
USB_OTG_EPDeactivate    0x08001815    0x58  Code  Gb  usb_core.o [1]
USB_OTG_EPSetStall      0x08001b25    0x4a  Code  Gb  usb_core.o [1]
USB_OTG_EPStartXfer     0x0800186d   0x18c  Code  Gb  usb_core.o [1]
USB_OTG_EnableCommonInt
                        0x08001125    0x22  Code  Lc  usb_core.o [1]
USB_OTG_EnableDevInt    0x080016bd    0x5a  Code  Gb  usb_core.o [1]
USB_OTG_EnableGlobalInt
                        0x080013cb    0x1e  Code  Gb  usb_core.o [1]
USB_OTG_FlushRxFifo     0x0800144f    0x40  Code  Gb  usb_core.o [1]
USB_OTG_FlushTxFifo     0x08001407    0x48  Code  Gb  usb_core.o [1]
USB_OTG_GetDeviceSpeed  0x08001717    0x34  Code  Gb  usb_core.o [1]
USB_OTG_GetMode         0x080014d5     0xa  Code  Gb  usb_core.o [1]
USB_OTG_InitDevSpeed    0x08001509    0x12  Code  Gb  usb_core.o [1]
USB_OTG_IsDeviceMode    0x080014df    0x18  Code  Gb  usb_core.o [1]
USB_OTG_ReadCoreItr     0x080014f7    0x12  Code  Gb  usb_core.o [1]
USB_OTG_ReadDevAllInEPItr
                        0x08001bdd    0x12  Code  Gb  usb_core.o [1]
USB_OTG_ReadDevAllOutEp_itr
                        0x08001bb5    0x12  Code  Gb  usb_core.o [1]
USB_OTG_ReadDevOutEP_itr
                        0x08001bc7    0x16  Code  Gb  usb_core.o [1]
USB_OTG_ReadPacket      0x080011ef    0x2c  Code  Gb  usb_core.o [1]
USB_OTG_SelectCore      0x0800121b    0xe2  Code  Gb  usb_core.o [1]
USB_OTG_SetCurrentMode  0x08001499    0x3c  Code  Gb  usb_core.o [1]
USB_OTG_SetEPStatus     0x08001c41    0xd0  Code  Gb  usb_core.o [1]
USB_OTG_WritePacket     0x080011a7    0x48  Code  Gb  usb_core.o [1]
USB_StreamExample_ComunicationSeunence
                        0x080045fd    0x22  Code  Gb  USB_StreamExample.o [1]
USB_StreamExample_SetupSequnce
                        0x080045dd    0x20  Code  Gb  USB_StreamExample.o [1]
USB_Stream_ClearInternalFIFO
                        0x08004047    0x1e  Code  Gb  USB_Stream.o [1]
USB_Stream_GetDataFromStack
                        0x0800401f    0x28  Code  Gb  USB_Stream.o [1]
USB_Stream_GetMaxRxCount
                        0x08003fe9     0x6  Code  Gb  USB_Stream.o [1]
USB_Stream_GetPointerBuffer
                        0x08004095     0x6  Code  Gb  USB_Stream.o [1]
USB_Stream_GetStateTxReady
                        0x0800407f     0x6  Code  Gb  USB_Stream.o [1]
USB_Stream_Init         0x0800400d    0x12  Code  Gb  USB_Stream.o [1]
USB_Stream_PutData      0x08003f83    0x66  Code  Gb  USB_Stream.o [1]
USB_Stream_Receive      0x08003f55    0x2e  Code  Gb  USB_Stream.o [1]
USB_Stream_ResetStateTxReady
                        0x0800408d     0x8  Code  Gb  USB_Stream.o [1]
USB_Stream_Send         0x08004065    0x1a  Code  Gb  USB_Stream.o [1]
USB_Stream_SetStateTxReady
                        0x08004085     0x8  Code  Gb  USB_Stream.o [1]
USB_Stream_USB_Stack_Init
                        0x08003fef    0x1e  Code  Gb  USB_Stream.o [1]
UnicodeStringDescriptorInterfaceName
                        0x20000a84    0xc8  Data  Gb  OCM.o [1]
UnicodeStringDescriptorName
                        0x2000082c    0xc8  Data  Gb  OCM.o [1]
UnicodeStringDescriptorSerialNumber
                        0x200009bc    0xc8  Data  Gb  OCM.o [1]
UnicodeStringDescriptorVendorName
                        0x200008f4    0xc8  Data  Gb  OCM.o [1]
UsageFault_Handler      0x08004769          Code  Wk  startup_stm32f40_41xxx.o [1]
WWDG_IRQHandler         0x0800477d          Code  Wk  startup_stm32f40_41xxx.o [1]
__cmain                 0x080046e9          Code  Gb  cmain.o [6]
__data_GetMemChunk      0x080010e5    0x2c  Code  Gb  xgetmemchunk.o [3]
__exit                  0x08001111    0x14  Code  Gb  exit.o [7]
__iar_copy_init3        0x080010b7    0x2e  Code  Gb  copy_init3.o [6]
__iar_data_init3        0x08004655    0x28  Code  Gb  data_init.o [6]
__iar_debug_exceptions  0x08004502     0x1  Data  Gb  unwind_debug.o [7]
__iar_dlmalloc          0x08000e0f   0x29c  Code  Gb  dlmalloc.o [3]
__iar_init_vfp          0x080046cd          Code  Gb  fpinit_M.o [5]
__iar_program_start     0x08004745          Code  Gb  cstartup_M.o [6]
__iar_zero_init3        0x08001d6b    0x22  Code  Gb  zero_init3.o [6]
__low_level_init        0x080046ff     0x4  Code  Gb  low_level_init.o [3]
__vector_table          0x08000000          Data  Gb  startup_stm32f40_41xxx.o [1]
_call_main              0x080046f5          Code  Gb  cmain.o [6]
_exit                   0x08004709          Code  Gb  cexit.o [6]
_gm_                    0x20000658   0x1d4  Data  Lc  dlmalloc.o [3]
_main                   0x080046fb          Code  Gb  cmain.o [6]
abort                   0x080010b1     0x6  Code  Gb  abort.o [3]
exit                    0x08004703     0x4  Code  Gb  exit.o [3]
iWD_Fault_is_Detected   0x08004531    0x1a  Code  Gb  Indep_WD.o [1]
iWD_Init                0x08004505    0x28  Code  Gb  Indep_WD.o [1]
iWD_RefreshCountet      0x0800454b     0x8  Code  Gb  Indep_WD.o [1]
init_mparams            0x080001a3    0x34  Code  Lc  dlmalloc.o [3]
init_top                0x080001d7    0x34  Code  Lc  dlmalloc.o [3]
main                    0x08004625    0x2e  Code  Gb  main.o [1]
mparams                 0x20000c30    0x18  Data  Lc  dlmalloc.o [3]
prepend_alloc           0x0800020b   0x320  Code  Lc  dlmalloc.o [3]
segment_holding         0x08000189    0x1a  Code  Lc  dlmalloc.o [3]
sys_alloc               0x0800052b   0x34e  Code  Lc  dlmalloc.o [3]
tmalloc_large           0x08000885   0x37e  Code  Lc  dlmalloc.o [3]
tmalloc_small           0x08000c03   0x1f8  Code  Lc  dlmalloc.o [3]


[1] = D:\GitHubAndGitlab\OpenComunicationModule\src\iar\Debug\Obj
[2] = command line
[3] = dl7M_tln.a
[4] = dlpp7M_tl_nc.a
[5] = m7M_tlv.a
[6] = rt7M_tl.a
[7] = shb_l.a

  18 501 bytes of readonly  code memory
     227 bytes of readonly  data memory
  19 603 bytes of readwrite data memory (+ 4 116 absolute)

Errors: none
Warnings: none
