###############################################################################
#                                                                             #
# IAR ELF Linker V6.50.3.4676/W32 for ARM               14/Apr/2019  20:39:48 #
# Copyright 2007-2013 IAR Systems AB.                                         #
#                                                                             #
#    Output file  =  D:\GitHubAndGitlab\OpenComunicationModule\src\iar\Debug\ #
#                    Exe\cpp.out                                              #
#    Map file     =  D:\GitHubAndGitlab\OpenComunicationModule\src\iar\Debug\ #
#                    List\cpp.map                                             #
#    Command line =  D:\GitHubAndGitlab\OpenComunicationModule\src\iar\Debug\ #
#                    Obj\ALTERA_Control.o D:\GitHubAndGitlab\OpenComunication #
#                    Module\src\iar\Debug\Obj\ByteConversion.o                #
#                    D:\GitHubAndGitlab\OpenComunicationModule\src\iar\Debug\ #
#                    Obj\CS43L22_F2.o D:\GitHubAndGitlab\OpenComunicationModu #
#                    le\src\iar\Debug\Obj\Clock.o                             #
#                    D:\GitHubAndGitlab\OpenComunicationModule\src\iar\Debug\ #
#                    Obj\Comand_protocol.o D:\GitHubAndGitlab\OpenComunicatio #
#                    nModule\src\iar\Debug\Obj\Comands.o                      #
#                    D:\GitHubAndGitlab\OpenComunicationModule\src\iar\Debug\ #
#                    Obj\DDC12.o D:\GitHubAndGitlab\OpenComunicationModule\sr #
#                    c\iar\Debug\Obj\DDC12_Core.o                             #
#                    D:\GitHubAndGitlab\OpenComunicationModule\src\iar\Debug\ #
#                    Obj\FlashExtended.o "D:\GitHubAndGitlab\OpenComunication #
#                    Module\src\iar\Debug\Obj\I2C Core.o"                     #
#                    D:\GitHubAndGitlab\OpenComunicationModule\src\iar\Debug\ #
#                    Obj\Indep_WD.o D:\GitHubAndGitlab\OpenComunicationModule #
#                    \src\iar\Debug\Obj\LED.o D:\GitHubAndGitlab\OpenComunica #
#                    tionModule\src\iar\Debug\Obj\OCM.o                       #
#                    D:\GitHubAndGitlab\OpenComunicationModule\src\iar\Debug\ #
#                    Obj\SPI_Core.o D:\GitHubAndGitlab\OpenComunicationModule #
#                    \src\iar\Debug\Obj\Timer.o D:\GitHubAndGitlab\OpenComuni #
#                    cationModule\src\iar\Debug\Obj\USART_Core.o              #
#                    D:\GitHubAndGitlab\OpenComunicationModule\src\iar\Debug\ #
#                    Obj\USB_GPIO.o D:\GitHubAndGitlab\OpenComunicationModule #
#                    \src\iar\Debug\Obj\USB_Stream.o                          #
#                    D:\GitHubAndGitlab\OpenComunicationModule\src\iar\Debug\ #
#                    Obj\USB_StreamExample.o D:\GitHubAndGitlab\OpenComunicat #
#                    ionModule\src\iar\Debug\Obj\main.o                       #
#                    D:\GitHubAndGitlab\OpenComunicationModule\src\iar\Debug\ #
#                    Obj\misc.o D:\GitHubAndGitlab\OpenComunicationModule\src #
#                    \iar\Debug\Obj\startup_stm32f40_41xxx.o                  #
#                    D:\GitHubAndGitlab\OpenComunicationModule\src\iar\Debug\ #
#                    Obj\stm32f4xx_adc.o D:\GitHubAndGitlab\OpenComunicationM #
#                    odule\src\iar\Debug\Obj\stm32f4xx_can.o                  #
#                    D:\GitHubAndGitlab\OpenComunicationModule\src\iar\Debug\ #
#                    Obj\stm32f4xx_crc.o D:\GitHubAndGitlab\OpenComunicationM #
#                    odule\src\iar\Debug\Obj\stm32f4xx_cryp.o                 #
#                    D:\GitHubAndGitlab\OpenComunicationModule\src\iar\Debug\ #
#                    Obj\stm32f4xx_cryp_aes.o D:\GitHubAndGitlab\OpenComunica #
#                    tionModule\src\iar\Debug\Obj\stm32f4xx_cryp_des.o        #
#                    D:\GitHubAndGitlab\OpenComunicationModule\src\iar\Debug\ #
#                    Obj\stm32f4xx_cryp_tdes.o D:\GitHubAndGitlab\OpenComunic #
#                    ationModule\src\iar\Debug\Obj\stm32f4xx_dac.o            #
#                    D:\GitHubAndGitlab\OpenComunicationModule\src\iar\Debug\ #
#                    Obj\stm32f4xx_dbgmcu.o D:\GitHubAndGitlab\OpenComunicati #
#                    onModule\src\iar\Debug\Obj\stm32f4xx_dcmi.o              #
#                    D:\GitHubAndGitlab\OpenComunicationModule\src\iar\Debug\ #
#                    Obj\stm32f4xx_dma.o D:\GitHubAndGitlab\OpenComunicationM #
#                    odule\src\iar\Debug\Obj\stm32f4xx_dma2d.o                #
#                    D:\GitHubAndGitlab\OpenComunicationModule\src\iar\Debug\ #
#                    Obj\stm32f4xx_exti.o D:\GitHubAndGitlab\OpenComunication #
#                    Module\src\iar\Debug\Obj\stm32f4xx_flash.o               #
#                    D:\GitHubAndGitlab\OpenComunicationModule\src\iar\Debug\ #
#                    Obj\stm32f4xx_fsmc.o D:\GitHubAndGitlab\OpenComunication #
#                    Module\src\iar\Debug\Obj\stm32f4xx_gpio.o                #
#                    D:\GitHubAndGitlab\OpenComunicationModule\src\iar\Debug\ #
#                    Obj\stm32f4xx_hash.o D:\GitHubAndGitlab\OpenComunication #
#                    Module\src\iar\Debug\Obj\stm32f4xx_hash_md5.o            #
#                    D:\GitHubAndGitlab\OpenComunicationModule\src\iar\Debug\ #
#                    Obj\stm32f4xx_hash_sha1.o D:\GitHubAndGitlab\OpenComunic #
#                    ationModule\src\iar\Debug\Obj\stm32f4xx_i2c.o            #
#                    D:\GitHubAndGitlab\OpenComunicationModule\src\iar\Debug\ #
#                    Obj\stm32f4xx_iwdg.o D:\GitHubAndGitlab\OpenComunication #
#                    Module\src\iar\Debug\Obj\stm32f4xx_ltdc.o                #
#                    D:\GitHubAndGitlab\OpenComunicationModule\src\iar\Debug\ #
#                    Obj\stm32f4xx_pwr.o D:\GitHubAndGitlab\OpenComunicationM #
#                    odule\src\iar\Debug\Obj\stm32f4xx_rcc.o                  #
#                    D:\GitHubAndGitlab\OpenComunicationModule\src\iar\Debug\ #
#                    Obj\stm32f4xx_rng.o D:\GitHubAndGitlab\OpenComunicationM #
#                    odule\src\iar\Debug\Obj\stm32f4xx_rtc.o                  #
#                    D:\GitHubAndGitlab\OpenComunicationModule\src\iar\Debug\ #
#                    Obj\stm32f4xx_sai.o D:\GitHubAndGitlab\OpenComunicationM #
#                    odule\src\iar\Debug\Obj\stm32f4xx_sdio.o                 #
#                    D:\GitHubAndGitlab\OpenComunicationModule\src\iar\Debug\ #
#                    Obj\stm32f4xx_spi.o D:\GitHubAndGitlab\OpenComunicationM #
#                    odule\src\iar\Debug\Obj\stm32f4xx_syscfg.o               #
#                    D:\GitHubAndGitlab\OpenComunicationModule\src\iar\Debug\ #
#                    Obj\stm32f4xx_tim.o D:\GitHubAndGitlab\OpenComunicationM #
#                    odule\src\iar\Debug\Obj\stm32f4xx_usart.o                #
#                    D:\GitHubAndGitlab\OpenComunicationModule\src\iar\Debug\ #
#                    Obj\stm32f4xx_wwdg.o D:\GitHubAndGitlab\OpenComunication #
#                    Module\src\iar\Debug\Obj\system_stm32f4xx.o              #
#                    D:\GitHubAndGitlab\OpenComunicationModule\src\iar\Debug\ #
#                    Obj\usb_bsp.o D:\GitHubAndGitlab\OpenComunicationModule\ #
#                    src\iar\Debug\Obj\usb_core.o                             #
#                    D:\GitHubAndGitlab\OpenComunicationModule\src\iar\Debug\ #
#                    Obj\usb_dcd.o D:\GitHubAndGitlab\OpenComunicationModule\ #
#                    src\iar\Debug\Obj\usb_dcd_int.o                          #
#                    D:\GitHubAndGitlab\OpenComunicationModule\src\iar\Debug\ #
#                    Obj\usbd_core.o D:\GitHubAndGitlab\OpenComunicationModul #
#                    e\src\iar\Debug\Obj\usbd_ioreq.o                         #
#                    D:\GitHubAndGitlab\OpenComunicationModule\src\iar\Debug\ #
#                    Obj\usbd_req.o -o D:\GitHubAndGitlab\OpenComunicationMod #
#                    ule\src\iar\Debug\Exe\cpp.out --redirect                 #
#                    _Printf=_PrintfFull --redirect _Scanf=_ScanfFull --map   #
#                    D:\GitHubAndGitlab\OpenComunicationModule\src\iar\Debug\ #
#                    List\cpp.map --log libraries,initialization,modules,redi #
#                    rects,sections,veneers,unused_fragments --log_file       #
#                    D:\GitHubAndGitlab\OpenComunicationModule\src\iar\Debug\ #
#                    List\cpp.log --config "C:\Program Files (x86)\IAR        #
#                    Systems\Embedded Workbench 6.5\arm\config\linker\ST\stm3 #
#                    2f407xG.icf" --semihosting --entry __iar_program_start   #
#                    --vfe                                                    #
#                                                                             #
#                                                                             #
###############################################################################

*******************************************************************************
*** RUNTIME MODEL ATTRIBUTES
***

CppFlavor                     = *
__CPP_Exceptions              = Used
__CPP_Language                = C++
__Heap_Handler                = DLMalloc
__SystemLibrary               = DLib
__dlib_dynamic_initialization = normal
__dlib_iterator_debugging     = 0


*******************************************************************************
*** PLACEMENT SUMMARY
***

"A1":  place at 0x08000000 { ro section .intvec };
"P1":  place in [from 0x08000000 to 0x080fffff] { ro };
"P2":  place in [from 0x20000000 to 0x2001ffff] { rw, block CSTACK, block HEAP };

  Section             Kind        Address     Size  Object
  -------             ----        -------     ----  ------
"A1":                                        0x188
  .intvec             ro code  0x08000000    0x188  startup_stm32f40_41xxx.o [1]
                             - 0x08000188    0x188

"P1":                                       0x61a4
  .text               ro code  0x08000188   0x1408  dlmalloc.o [3]
  .text               ro code  0x08001590      0x6  abort.o [3]
  .text               ro code  0x08001596     0x2e  copy_init3.o [6]
  .text               ro code  0x080015c4     0x2c  xgetmemchunk.o [3]
  .text               ro code  0x080015f0     0x14  exit.o [7]
  .text               ro code  0x08001604    0xbec  usb_core.o [1]
  .text               ro code  0x080021f0     0x5a  usb_bsp.o [1]
  .text               ro code  0x0800224a     0x22  zero_init3.o [6]
  .text               ro code  0x0800226c     0x94  USB_GPIO.o [1]
  .text               ro code  0x08002300     0x88  misc.o [1]
  .text               ro code  0x08002388    0x114  Timer.o [1]
  .text               ro code  0x0800249c    0x3ec  stm32f4xx_rcc.o [1]
  .text               ro code  0x08002888    0x26a  stm32f4xx_gpio.o [1]
  .rodata             const    0x08002af2      0x2  OCM.o [1]
  .text               ro code  0x08002af4    0x28c  stm32f4xx_tim.o [1]
  .text               ro code  0x08002d80    0x6be  usbd_req.o [1]
  .text               ro code  0x0800343e     0xb4  usbd_ioreq.o [1]
  .text               ro code  0x080034f2    0x346  usb_dcd.o [1]
  .text               ro code  0x08003838    0x300  usbd_core.o [1]
  .text               ro code  0x08003b38    0x67a  usb_dcd_int.o [1]
  .rodata             const    0x080041b2      0x2  OCM.o [1]
  .text               ro code  0x080041b4    0x3ec  DDC12_Core.o [1]
  .text               ro code  0x080045a0    0x358  DDC12.o [1]
  .text               ro code  0x080048f8     0x60  stm32f4xx_syscfg.o [1]
  .text               ro code  0x08004958     0xc0  stm32f4xx_exti.o [1]
  .text               ro code  0x08004a18    0x124  ALTERA_Control.o [1]
  .text               ro code  0x08004b3c    0x3b0  Comands.o [1]
  .text               ro code  0x08004eec     0x58  FlashExtended.o [1]
  .text               ro code  0x08004f44     0x60  Comand_protocol.o [1]
  .text               ro code  0x08004fa4     0x88  LED.o [1]
  .text               ro code  0x0800502c     0x6e  Comands.o [1]
  .rodata             const    0x0800509a      0x1  unwind_debug.o [7]
  .text               ro code  0x0800509c    0x14c  USB_Stream.o [1]
  .text               ro code  0x080051e8     0x3c  ByteConversion.o [1]
  .text               ro code  0x08005224      0x8  newaop_0.o [4]
  .text               ro code  0x0800522c    0x1dc  stm32f4xx_flash.o [1]
  .text               ro code  0x08005408     0x14  Comands.o [1]
  .text               ro code  0x0800541c      0x4  delaop_0.o [4]
  .text               ro code  0x08005420    0x38c  OCM.o [1]
  .text               ro code  0x080057ac     0x24  newop_0.o [4]
  .text               ro code  0x080057d0     0x16  FlashExtended.o [1]
  .text               ro code  0x080057e6      0xa  delop_0.o [4]
  .text               ro code  0x080057f0      0x4  nomemory.o [4]
  .text               ro code  0x080057f4     0x76  ABImemcpy.o [6]
  .text               ro code  0x0800586c    0x216  stm32f4xx_usart.o [1]
  .text               ro code  0x08005a84    0x190  USART_Core.o [1]
  .text               ro code  0x08005c14     0xbc  stm32f4xx_dma.o [1]
  .text               ro code  0x08005cd0    0x180  system_stm32f4xx.o [1]
  .text               ro code  0x08005e50     0xa0  Clock.o [1]
  .text               ro code  0x08005ef0     0x48  USB_StreamExample.o [1]
  .text               ro code  0x08005f38     0x22  Indep_WD.o [1]
  .text               ro code  0x08005f5c     0x10  stm32f4xx_iwdg.o [1]
  .text               ro code  0x08005f6c     0x32  main.o [1]
  .rodata             const    0x08005fa0     0x30  FlashExtended.o [1]
  .rodata             const    0x08005fd0     0x30  FlashExtended.o [1]
  .text               ro code  0x08006000     0x28  data_init.o [6]
  .iar.init_table     const    0x08006028     0x38  - Linker created -
  .text               ro code  0x08006060     0x20  cmain_call_ctors.o [6]
  .text               ro code  0x08006080     0x18  cppinit.o [3]
  .rodata             const    0x08006098     0x1c  OCM.o [1]
  .text               ro code  0x080060b4     0x1a  fpinit_M.o [5]
  .text               ro code  0x080060d0     0x16  cmain.o [6]
  .text               ro code  0x080060e6      0x4  low_level_init.o [3]
  .text               ro code  0x080060ea      0x4  exit.o [3]
  .text               ro code  0x080060f0      0xa  cexit.o [6]
  .rodata             const    0x080060fc     0x14  OCM.o [1]
  .rodata             const    0x08006110     0x10  OCM.o [1]
  .text               ro code  0x08006120     0x10  startup_stm32f40_41xxx.o [1]
  .rodata             const    0x08006130      0xc  OCM.o [1]
  .text               ro code  0x0800613c      0xc  cstartup_M.o [6]
  .text               ro code  0x08006148      0x4  startup_stm32f40_41xxx.o [1]
  .text               ro code  0x0800614c      0x4  startup_stm32f40_41xxx.o [1]
  .text               ro code  0x08006150      0x4  startup_stm32f40_41xxx.o [1]
  .text               ro code  0x08006154      0x4  startup_stm32f40_41xxx.o [1]
  .text               ro code  0x08006158      0x4  startup_stm32f40_41xxx.o [1]
  .text               ro code  0x0800615c      0x4  startup_stm32f40_41xxx.o [1]
  .text               ro code  0x08006160      0x4  startup_stm32f40_41xxx.o [1]
  .text               ro code  0x08006164      0x4  startup_stm32f40_41xxx.o [1]
  .text               ro code  0x08006168      0x4  startup_stm32f40_41xxx.o [1]
  .text               ro code  0x0800616c      0x4  startup_stm32f40_41xxx.o [1]
  .text               ro code  0x08006170      0x4  startup_stm32f40_41xxx.o [1]
  .text               ro code  0x08006174      0x4  startup_stm32f40_41xxx.o [1]
  .text               ro code  0x08006178      0x4  startup_stm32f40_41xxx.o [1]
  .text               ro code  0x0800617c      0x4  startup_stm32f40_41xxx.o [1]
  .text               ro code  0x08006180      0x4  startup_stm32f40_41xxx.o [1]
  .text               ro code  0x08006184      0x4  startup_stm32f40_41xxx.o [1]
  .text               ro code  0x08006188      0x4  startup_stm32f40_41xxx.o [1]
  .text               ro code  0x0800618c      0x4  startup_stm32f40_41xxx.o [1]
  .text               ro code  0x08006190      0x4  startup_stm32f40_41xxx.o [1]
  .text               ro code  0x08006194      0x4  startup_stm32f40_41xxx.o [1]
  .text               ro code  0x08006198      0x4  startup_stm32f40_41xxx.o [1]
  .text               ro code  0x0800619c      0x4  startup_stm32f40_41xxx.o [1]
  .text               ro code  0x080061a0      0x4  startup_stm32f40_41xxx.o [1]
  .text               ro code  0x080061a4      0x4  startup_stm32f40_41xxx.o [1]
  .text               ro code  0x080061a8      0x4  startup_stm32f40_41xxx.o [1]
  .text               ro code  0x080061ac      0x4  startup_stm32f40_41xxx.o [1]
  .text               ro code  0x080061b0      0x4  startup_stm32f40_41xxx.o [1]
  .text               ro code  0x080061b4      0x4  startup_stm32f40_41xxx.o [1]
  .text               ro code  0x080061b8      0x4  startup_stm32f40_41xxx.o [1]
  .text               ro code  0x080061bc      0x4  startup_stm32f40_41xxx.o [1]
  .text               ro code  0x080061c0      0x4  startup_stm32f40_41xxx.o [1]
  .text               ro code  0x080061c4      0x4  startup_stm32f40_41xxx.o [1]
  .text               ro code  0x080061c8      0x4  startup_stm32f40_41xxx.o [1]
  .text               ro code  0x080061cc      0x4  startup_stm32f40_41xxx.o [1]
  .text               ro code  0x080061d0      0x4  startup_stm32f40_41xxx.o [1]
  .text               ro code  0x080061d4      0x4  startup_stm32f40_41xxx.o [1]
  .text               ro code  0x080061d8      0x4  startup_stm32f40_41xxx.o [1]
  .text               ro code  0x080061dc      0x4  startup_stm32f40_41xxx.o [1]
  .text               ro code  0x080061e0      0x4  startup_stm32f40_41xxx.o [1]
  .text               ro code  0x080061e4      0x4  startup_stm32f40_41xxx.o [1]
  .text               ro code  0x080061e8      0x4  startup_stm32f40_41xxx.o [1]
  .text               ro code  0x080061ec      0x4  startup_stm32f40_41xxx.o [1]
  .text               ro code  0x080061f0      0x4  startup_stm32f40_41xxx.o [1]
  .text               ro code  0x080061f4      0x4  startup_stm32f40_41xxx.o [1]
  .text               ro code  0x080061f8      0x4  startup_stm32f40_41xxx.o [1]
  .text               ro code  0x080061fc      0x4  startup_stm32f40_41xxx.o [1]
  .text               ro code  0x08006200      0x4  startup_stm32f40_41xxx.o [1]
  .text               ro code  0x08006204      0x4  startup_stm32f40_41xxx.o [1]
  .text               ro code  0x08006208      0x4  startup_stm32f40_41xxx.o [1]
  .text               ro code  0x0800620c      0x4  startup_stm32f40_41xxx.o [1]
  .text               ro code  0x08006210      0x4  startup_stm32f40_41xxx.o [1]
  .text               ro code  0x08006214      0x4  startup_stm32f40_41xxx.o [1]
  .text               ro code  0x08006218      0x4  startup_stm32f40_41xxx.o [1]
  .text               ro code  0x0800621c      0x4  startup_stm32f40_41xxx.o [1]
  .text               ro code  0x08006220      0x4  startup_stm32f40_41xxx.o [1]
  .text               ro code  0x08006224      0x4  startup_stm32f40_41xxx.o [1]
  .text               ro code  0x08006228      0x4  startup_stm32f40_41xxx.o [1]
  .text               ro code  0x0800622c      0x4  startup_stm32f40_41xxx.o [1]
  .text               ro code  0x08006230      0x4  startup_stm32f40_41xxx.o [1]
  .text               ro code  0x08006234      0x4  startup_stm32f40_41xxx.o [1]
  .text               ro code  0x08006238      0x4  startup_stm32f40_41xxx.o [1]
  .text               ro code  0x0800623c      0x4  startup_stm32f40_41xxx.o [1]
  .text               ro code  0x08006240      0x4  startup_stm32f40_41xxx.o [1]
  .text               ro code  0x08006244      0x4  startup_stm32f40_41xxx.o [1]
  .text               ro code  0x08006248      0x4  startup_stm32f40_41xxx.o [1]
  .text               ro code  0x0800624c      0x4  startup_stm32f40_41xxx.o [1]
  .text               ro code  0x08006250      0x4  startup_stm32f40_41xxx.o [1]
  .text               ro code  0x08006254      0x4  startup_stm32f40_41xxx.o [1]
  .text               ro code  0x08006258      0x4  startup_stm32f40_41xxx.o [1]
  .text               ro code  0x0800625c      0x4  startup_stm32f40_41xxx.o [1]
  .text               ro code  0x08006260      0x4  startup_stm32f40_41xxx.o [1]
  .text               ro code  0x08006264      0x4  startup_stm32f40_41xxx.o [1]
  .text               ro code  0x08006268      0x4  startup_stm32f40_41xxx.o [1]
  .text               ro code  0x0800626c      0x4  startup_stm32f40_41xxx.o [1]
  .text               ro code  0x08006270      0x4  startup_stm32f40_41xxx.o [1]
  .text               ro code  0x08006274      0x4  startup_stm32f40_41xxx.o [1]
  .text               ro code  0x08006278      0x4  startup_stm32f40_41xxx.o [1]
  .text               ro code  0x0800627c      0x4  startup_stm32f40_41xxx.o [1]
  .text               ro code  0x08006280      0x4  startup_stm32f40_41xxx.o [1]
  .text               ro code  0x08006284      0x4  startup_stm32f40_41xxx.o [1]
  .text               ro code  0x08006288      0x4  startup_stm32f40_41xxx.o [1]
  .text               ro code  0x0800628c      0x4  startup_stm32f40_41xxx.o [1]
  .text               ro code  0x08006290      0x4  startup_stm32f40_41xxx.o [1]
  .text               ro code  0x08006294      0x4  startup_stm32f40_41xxx.o [1]
  .text               ro code  0x08006298      0x4  startup_stm32f40_41xxx.o [1]
  .text               ro code  0x0800629c      0x4  startup_stm32f40_41xxx.o [1]
  .text               ro code  0x080062a0      0x4  startup_stm32f40_41xxx.o [1]
  .text               ro code  0x080062a4      0x4  startup_stm32f40_41xxx.o [1]
  .text               ro code  0x080062a8      0x4  startup_stm32f40_41xxx.o [1]
  .text               ro code  0x080062ac      0x4  startup_stm32f40_41xxx.o [1]
  .text               ro code  0x080062b0      0x4  startup_stm32f40_41xxx.o [1]
  SHT$$PREINIT_ARRAY           0x080062b4      0x0  <Block>
  SHT$$INIT_ARRAY              0x080062b4      0x4  <Block>
    .init_array       const    0x080062b4      0x4  Comands.o [1]
  .rodata             const    0x080062b8      0x0  zero_init3.o [6]
  .rodata             const    0x080062b8      0x0  copy_init3.o [6]
  Initializer bytes   ro data  0x080062b8     0x74  <for P2 s0>
                             - 0x0800632c   0x61a4

Absolute sections, part 1 of 2:             0x1000
  .bss                zero     0x10000000   0x1000  USB_StreamExample.o [1]
                             - 0x10001000   0x1000

Absolute sections, part 2 of 2:               0x14
  .bss                zero     0x10007530     0x14  USB_Stream.o [1]
                             - 0x10007544     0x14

"P2", part 1 of 3:                            0x74
  P2 s0                        0x20000000     0x74  <Init block>
    .data             inited   0x20000000     0x2c  usbd_core.o [1]
    .data             inited   0x2000002c     0x20  OCM.o [1]
    .data             inited   0x2000004c     0x10  stm32f4xx_rcc.o [1]
    .data             inited   0x2000005c      0x4  Comands.o [1]
    .data             inited   0x20000060      0x4  OCM.o [1]
    .data             inited   0x20000064      0x4  OCM.o [1]
    .data             inited   0x20000068      0x4  OCM.o [1]
    .data             inited   0x2000006c      0x4  OCM.o [1]
    .data             inited   0x20000070      0x4  usbd_core.o [1]
                             - 0x20000074     0x74

"P2", part 2 of 3:                         0x11a2c
  .bss                zero     0x20000074  0x10000  USART_Core.o [1]
  .bss                zero     0x20010074    0x5f4  OCM.o [1]
  .bss                zero     0x20010668    0x1d4  dlmalloc.o [3]
  .bss                zero     0x2001083c    0x190  DDC12_Core.o [1]
  .bss                zero     0x200109cc    0x190  DDC12_Core.o [1]
  .bss                zero     0x20010b5c    0x190  DDC12_Core.o [1]
  .bss                zero     0x20010cec    0x190  DDC12_Core.o [1]
  .bss                zero     0x20010e7c    0x190  DDC12_Core.o [1]
  .bss                zero     0x2001100c    0x190  DDC12_Core.o [1]
  .bss                zero     0x2001119c    0x190  DDC12_Core.o [1]
  .bss                zero     0x2001132c    0x190  DDC12_Core.o [1]
  .bss                zero     0x200114bc     0xc8  OCM.o [1]
  .bss                zero     0x20011584     0xc8  OCM.o [1]
  .bss                zero     0x2001164c     0xc8  OCM.o [1]
  .bss                zero     0x20011714     0xc8  OCM.o [1]
  .bss                zero     0x200117dc     0x80  OCM.o [1]
  .bss                zero     0x2001185c     0x74  DDC12_Core.o [1]
  .bss                zero     0x200118d0     0x74  DDC12_Core.o [1]
  .bss                zero     0x20011944     0x34  Comands.o [1]
  .bss                zero     0x20011978     0x2c  DDC12_Core.o [1]
  .bss                zero     0x200119a4     0x2c  OCM.o [1]
  .bss                zero     0x200119d0     0x1c  OCM.o [1]
  .bss                zero     0x200119ec     0x1c  OCM.o [1]
  .bss                zero     0x20011a08     0x18  dlmalloc.o [3]
  .bss                zero     0x20011a20     0x14  OCM.o [1]
  .bss                zero     0x20011a34      0xc  LED.o [1]
  .bss                zero     0x20011a40      0xc  OCM.o [1]
  .bss                zero     0x20011a50      0x8  DDC12.o [1]
  .bss                zero     0x20011a58      0x8  DDC12.o [1]
  .bss                zero     0x20011a60      0x4  Comands.o [1]
  .bss                zero     0x20011a64      0x4  DDC12_Core.o [1]
  .bss                zero     0x20011a68      0x4  DDC12_Core.o [1]
  .bss                zero     0x20011a6c      0x4  DDC12_Core.o [1]
  .bss                zero     0x20011a70      0x4  DDC12_Core.o [1]
  .bss                zero     0x20011a74      0x4  OCM.o [1]
  .bss                zero     0x20011a78      0x4  USB_StreamExample.o [1]
  .bss                zero     0x20011a7c      0x4  usbd_core.o [1]
  .bss                zero     0x20011a80      0x4  usbd_req.o [1]
  .bss                zero     0x20011a84      0x4  usbd_req.o [1]
  .bss                zero     0x20011a88      0x4  usbd_req.o [1]
  .bss                zero     0x20011a8c      0x4  xgetmemchunk.o [3]
  .bss                zero     0x20011a90      0x4  new.o [4]
  .bss                zero     0x20011a94      0x2  Comands.o [1]
  .bss                zero     0x20011a96      0x2  USART_Core.o [1]
  .bss                zero     0x20011a98      0x1  DDC12_Core.o [1]
  .bss                zero     0x20011a99      0x1  usbd_req.o [1]
                             - 0x20011a9a  0x11a26

"P2", part 3 of 3:                          0x4000
  CSTACK                       0x20011aa0   0x2000  <Block>
    CSTACK            uninit   0x20011aa0   0x2000  <Block tail>
  HEAP                         0x20013aa0   0x2000  <Block>
    HEAP              uninit   0x20013aa0   0x2000  <Block tail>
                             - 0x20015aa0   0x4000


*******************************************************************************
*** INIT TABLE
***

          Address     Size
          -------     ----
Zero (__iar_zero_init3)
    3 destination ranges, total size 0x12a3a:
          0x10000000   0x1000
          0x10007530     0x14
          0x20000074  0x11a26

Copy (__iar_copy_init3)
    1 source range, total size 0x74:
          0x080062b8     0x74
    1 destination range, total size 0x74:
          0x20000000     0x74

Extra (__iar_cstart_call_ctors)



*******************************************************************************
*** MODULE SUMMARY
***

    Module                    ro code  ro data  rw data  rw data
                                                          (abs)
    ------                    -------  -------  -------  -------
D:\GitHubAndGitlab\OpenComunicationModule\src\iar\Debug\Obj: [1]
    ALTERA_Control.o              292
    ByteConversion.o               60
    Clock.o                       160
    Comand_protocol.o              96
    Comands.o                   1 074        8       62
    DDC12.o                       856                16
    DDC12_Core.o                1 004             3 493
    FlashExtended.o               110       96
    Indep_WD.o                     34
    LED.o                         136                12
    OCM.o                         908      128    2 636
    Timer.o                       276
    USART_Core.o                  400            65 538
    USB_GPIO.o                    148
    USB_Stream.o                  332                         20
    USB_StreamExample.o            72                 4    4 096
    main.o                         50
    misc.o                        136
    startup_stm32f40_41xxx.o      772
    stm32f4xx_dma.o               188
    stm32f4xx_exti.o              192
    stm32f4xx_flash.o             476
    stm32f4xx_gpio.o              618
    stm32f4xx_iwdg.o               16
    stm32f4xx_rcc.o             1 004       16       16
    stm32f4xx_syscfg.o             96
    stm32f4xx_tim.o               652
    stm32f4xx_usart.o             534
    system_stm32f4xx.o            384
    usb_bsp.o                      90
    usb_core.o                  3 052
    usb_dcd.o                     838
    usb_dcd_int.o               1 658
    usbd_core.o                   768       48       52
    usbd_ioreq.o                  180
    usbd_req.o                  1 726                13
    ------------------------------------------------------------
    Total:                     19 388      296   71 842    4 116

command line: [2]
    ------------------------------------------------------------
    Total:

dl7M_tln.a: [3]
    abort.o                         6
    cppinit.o                      24
    dlmalloc.o                  5 128               492
    exit.o                          4
    low_level_init.o                4
    xgetmemchunk.o                 44                 4
    ------------------------------------------------------------
    Total:                      5 210               496

dlpp7M_tl_nc.a: [4]
    delaop_0.o                      4
    delop_0.o                      10
    new.o                                             4
    newaop_0.o                      8
    newop_0.o                      36
    nomemory.o                      4
    ------------------------------------------------------------
    Total:                         62                 4

m7M_tlv.a: [5]
    fpinit_M.o                     26
    ------------------------------------------------------------
    Total:                         26

rt7M_tl.a: [6]
    ABImemcpy.o                   118
    cexit.o                        10
    cmain.o                        22
    cmain_call_ctors.o             32
    copy_init3.o                   46
    cstartup_M.o                   12
    data_init.o                    40
    zero_init3.o                   34
    ------------------------------------------------------------
    Total:                        314

shb_l.a: [7]
    exit.o                         20
    unwind_debug.o                           1
    ------------------------------------------------------------
    Total:                         20        1

    Gaps                           11        4        4
    Linker created                          56   16 384
----------------------------------------------------------------
    Grand Total:               25 031      357   88 730    4 116


*******************************************************************************
*** ENTRY LIST
***

Entry                      Address     Size  Type      Object
-----                      -------     ----  ----      ------
?main                   0x080060d1           Code  Gb  cmain.o [6]
ADC_IRQHandler          0x080061b5           Code  Wk  startup_stm32f40_41xxx.o [1]
ALTERA                  0x20011978     0x2c  Data  Gb  DDC12_Core.o [1]
ALTERA_Control_GetRange
                        0x08004b37      0x6  Code  Gb  ALTERA_Control.o [1]
ALTERA_Control_Init     0x08004a19     0xaa  Code  Gb  ALTERA_Control.o [1]
ALTERA_Control_SelectRange
                        0x08004ac3     0x74  Code  Gb  ALTERA_Control.o [1]
APBAHBPrescTable        0x2000004c     0x10  Data  Lc  stm32f4xx_rcc.o [1]
Buff                    0x10000000   0x1000  Data  Gb  USB_StreamExample.o [1]
BufferReceive           0x20000074  0x10000  Data  Gb  USART_Core.o [1]
BusFault_Handler        0x08006155           Code  Wk  startup_stm32f40_41xxx.o [1]
CAN1_RX0_IRQHandler     0x080061bd           Code  Wk  startup_stm32f40_41xxx.o [1]
CAN1_RX1_IRQHandler     0x080061c1           Code  Wk  startup_stm32f40_41xxx.o [1]
CAN1_SCE_IRQHandler     0x080061c5           Code  Wk  startup_stm32f40_41xxx.o [1]
CAN1_TX_IRQHandler      0x080061b9           Code  Wk  startup_stm32f40_41xxx.o [1]
CAN2_RX0_IRQHandler     0x0800626d           Code  Wk  startup_stm32f40_41xxx.o [1]
CAN2_RX1_IRQHandler     0x08006271           Code  Wk  startup_stm32f40_41xxx.o [1]
CAN2_SCE_IRQHandler     0x08006275           Code  Wk  startup_stm32f40_41xxx.o [1]
CAN2_TX_IRQHandler      0x08006269           Code  Wk  startup_stm32f40_41xxx.o [1]
CRYP_IRQHandler         0x080062a9           Code  Wk  startup_stm32f40_41xxx.o [1]
CSTACK$$Base            0x20011aa0            --   Gb  - Linker created -
CSTACK$$Limit           0x20013aa0            --   Gb  - Linker created -
ChanellID               0x20011a98      0x1  Data  Gb  DDC12_Core.o [1]
Clock_HSE_Init          0x08005e7d     0x68  Code  Gb  Clock.o [1]
Clock_HSI_Init          0x08005e51     0x2c  Code  Gb  Clock.o [1]
Clock_InitUSB           0x08005ee5      0xc  Code  Gb  Clock.o [1]
Comand_protocol_CheckData
                        0x08004f67     0x10  Code  Gb  Comand_protocol.o [1]
Comand_protocol_CheckHeader
                        0x08004f45     0x22  Code  Gb  Comand_protocol.o [1]
Comand_protocol_GetRequstedByteCount
                        0x08004f99      0xc  Code  Gb  Comand_protocol.o [1]
Comand_protocol_parcer  0x08004f77     0x22  Code  Gb  Comand_protocol.o [1]
Comands_ID_DISABLE_TEST_MODE_EV
                        0x08004ee1      0xc  Code  Gb  Comands.o [1]
Comands_ID_ENABLE_TEST_MODE_EV
                        0x08004ed5      0xc  Code  Gb  Comands.o [1]
Comands_ID_READ_AMPLITUDES_ADCMix_EV
                        0x08004e65     0x70  Code  Gb  Comands.o [1]
Comands_ID_READ_AMPLITUDES_ADC_EV
                        0x08004d9f     0xc6  Code  Gb  Comands.o [1]
Comands_ID_READ_CURRENT_CHANNEL_ADC_EV
                        0x08004d53     0x22  Code  Gb  Comands.o [1]
Comands_ID_READ_LED_Blinky_EV
                        0x08004c93     0x28  Code  Gb  Comands.o [1]
Comands_ID_READ_RANGE_ADC0_EV
                        0x08004d07     0x26  Code  Gb  Comands.o [1]
Comands_ID_READ_RANGE_ADC1_EV
                        0x08004d2d     0x26  Code  Gb  Comands.o [1]
Comands_ID_READ_RANGE_ALTERA_EV
                        0x08004ce5     0x22  Code  Gb  Comands.o [1]
Comands_ID_START_INTEGRATION_EV
                        0x08004ccd      0xc  Code  Gb  Comands.o [1]
Comands_ID_STOP_INTEGRATION_EV
                        0x08004cd9      0xc  Code  Gb  Comands.o [1]
Comands_ID_WRITE_LED_Blinky_EV
                        0x08004c71     0x22  Code  Gb  Comands.o [1]
Comands_ID_WRITE_LED_OFF_EV
                        0x08004c65      0xc  Code  Gb  Comands.o [1]
Comands_ID_WRITE_LED_ON_EV
                        0x08004c59      0xc  Code  Gb  Comands.o [1]
Comands_ID_WRITE_RANGE_ADC0_EV
                        0x08004d83      0xe  Code  Gb  Comands.o [1]
Comands_ID_WRITE_RANGE_ADC1_EV
                        0x08004d91      0xe  Code  Gb  Comands.o [1]
Comands_ID_WRITE_RANGE_ALTERA_EV
                        0x08004d75      0xe  Code  Gb  Comands.o [1]
Comands_ProcessLoop     0x08004b47    0x112  Code  Gb  Comands.o [1]
DCD_EP_Close            0x08003611     0x4a  Code  Gb  usb_dcd.o [1]
DCD_EP_ClrStall         0x0800376f     0x50  Code  Gb  usb_dcd.o [1]
DCD_EP_Flush            0x080037bf     0x24  Code  Gb  usb_dcd.o [1]
DCD_EP_Open             0x08003595     0x7c  Code  Gb  usb_dcd.o [1]
DCD_EP_PrepareRx        0x0800365b     0x66  Code  Gb  usb_dcd.o [1]
DCD_EP_SetAddress       0x080037e3     0x1a  Code  Gb  usb_dcd.o [1]
DCD_EP_Stall            0x0800371f     0x50  Code  Gb  usb_dcd.o [1]
DCD_EP_Tx               0x080036c1     0x5e  Code  Gb  usb_dcd.o [1]
DCD_HandleEnumDone_ISR  0x080040f1     0x4e  Code  Lc  usb_dcd_int.o [1]
DCD_HandleInEP_ISR      0x08003cf5    0x102  Code  Lc  usb_dcd_int.o [1]
DCD_HandleOutEP_ISR     0x08003df7     0xd8  Code  Lc  usb_dcd_int.o [1]
DCD_HandleResume_ISR    0x08003c23     0x4c  Code  Lc  usb_dcd_int.o [1]
DCD_HandleRxStatusQueueLevel_ISR
                        0x08003eed     0x9e  Code  Lc  usb_dcd_int.o [1]
DCD_HandleSof_ISR       0x08003ecf     0x1e  Code  Lc  usb_dcd_int.o [1]
DCD_HandleUSBSuspend_ISR
                        0x08003c6f     0x86  Code  Lc  usb_dcd_int.o [1]
DCD_HandleUsbReset_ISR  0x0800402b     0xc6  Code  Lc  usb_dcd_int.o [1]
DCD_Init                0x080034f3     0xa2  Code  Gb  usb_dcd.o [1]
DCD_IsoINIncomplete_ISR
                        0x0800413f     0x1e  Code  Lc  usb_dcd_int.o [1]
DCD_IsoOUTIncomplete_ISR
                        0x0800415d     0x1e  Code  Lc  usb_dcd_int.o [1]
DCD_ReadDevInEP         0x08004185     0x2e  Code  Lc  usb_dcd_int.o [1]
DCD_SetEPStatus         0x080037fd     0x3c  Code  Gb  usb_dcd.o [1]
DCD_WriteEmptyTxFifo    0x08003f8b     0xa0  Code  Lc  usb_dcd_int.o [1]
DCMI_IRQHandler         0x080062a5           Code  Wk  startup_stm32f40_41xxx.o [1]
DDC1                    0x2001185c     0x74  Data  Gb  DDC12_Core.o [1]
DDC112_BegindDataReceive
                        0x08004859     0x14  Code  Gb  DDC12.o [1]
DDC112_ClockInit        0x080046a3     0x1c  Code  Gb  DDC12.o [1]
DDC112_DCLK_FallEdge    0x08004895     0x14  Code  Gb  DDC12.o [1]
DDC112_DCLK_RiseEdge    0x08004881     0x14  Code  Gb  DDC12.o [1]
DDC112_DisableTestMode  0x080048df     0x14  Code  Gb  DDC12.o [1]
DDC112_EnableTestMode   0x080048cb     0x14  Code  Gb  DDC12.o [1]
DDC112_EndDataReceive   0x0800486d     0x14  Code  Gb  DDC12.o [1]
DDC112_GetCurrentChannelID
                        0x080048a9     0x22  Code  Gb  DDC12.o [1]
DDC112_GetRange         0x080048f3      0x6  Code  Gb  DDC12.o [1]
DDC112_Init             0x080045a1    0x102  Code  Gb  DDC12.o [1]
DDC112_ReadSample       0x080047ab     0xa6  Code  Gb  DDC12.o [1]
DDC112_SetRange         0x080046bf     0xec  Code  Gb  DDC12.o [1]
DDC12_Core_ADC0GetRange
                        0x0800447f      0xa  Code  Gb  DDC12_Core.o [1]
DDC12_Core_ADC0SetRange
                        0x0800446f     0x10  Code  Gb  DDC12_Core.o [1]
DDC12_Core_ADC1GetRange
                        0x08004499      0xa  Code  Gb  DDC12_Core.o [1]
DDC12_Core_ADC1SetRange
                        0x08004489     0x10  Code  Gb  DDC12_Core.o [1]
DDC12_Core_AlteraGetRange
                        0x08004465      0xa  Code  Gb  DDC12_Core.o [1]
DDC12_Core_AlteraSetRange
                        0x08004455     0x10  Code  Gb  DDC12_Core.o [1]
DDC12_Core_DisableTestMode
                        0x08004545     0x10  Code  Gb  DDC12_Core.o [1]
DDC12_Core_EnableTestMode
                        0x08004535     0x10  Code  Gb  DDC12_Core.o [1]
DDC12_Core_GeSamplesADC0A_Chanel1
                        0x08004519      0x4  Code  Gb  DDC12_Core.o [1]
DDC12_Core_GeSamplesADC0B_Chanel0
                        0x0800451d      0x4  Code  Gb  DDC12_Core.o [1]
DDC12_Core_GeSamplesADC0B_Chanel1
                        0x08004521      0x4  Code  Gb  DDC12_Core.o [1]
DDC12_Core_GeSamplesADC1A_Chanel0
                        0x08004525      0x4  Code  Gb  DDC12_Core.o [1]
DDC12_Core_GeSamplesADC1A_Chanel1
                        0x08004529      0x4  Code  Gb  DDC12_Core.o [1]
DDC12_Core_GeSamplesADC1B_Chanel0
                        0x0800452d      0x4  Code  Gb  DDC12_Core.o [1]
DDC12_Core_GeSamplesADC1B_Chanel1
                        0x08004531      0x4  Code  Gb  DDC12_Core.o [1]
DDC12_Core_GetChannellID
                        0x0800441f      0x6  Code  Gb  DDC12_Core.o [1]
DDC12_Core_GetSamplesADC0A_Chanel0
                        0x08004515      0x4  Code  Gb  DDC12_Core.o [1]
DDC12_Core_Init         0x080041b5    0x26a  Code  Gb  DDC12_Core.o [1]
DDC12_Core_StartIntegration
                        0x08004425     0x1e  Code  Gb  DDC12_Core.o [1]
DDC12_Core_StopIntegration
                        0x08004443     0x12  Code  Gb  DDC12_Core.o [1]
DDC2                    0x200118d0     0x74  Data  Gb  DDC12_Core.o [1]
DMA1_Stream0_IRQHandler
                        0x08006199           Code  Wk  startup_stm32f40_41xxx.o [1]
DMA1_Stream1_IRQHandler
                        0x0800619d           Code  Wk  startup_stm32f40_41xxx.o [1]
DMA1_Stream2_IRQHandler
                        0x080061a1           Code  Wk  startup_stm32f40_41xxx.o [1]
DMA1_Stream3_IRQHandler
                        0x080061a5           Code  Wk  startup_stm32f40_41xxx.o [1]
DMA1_Stream4_IRQHandler
                        0x080061a9           Code  Wk  startup_stm32f40_41xxx.o [1]
DMA1_Stream5_IRQHandler
                        0x080061ad           Code  Wk  startup_stm32f40_41xxx.o [1]
DMA1_Stream6_IRQHandler
                        0x080061b1           Code  Wk  startup_stm32f40_41xxx.o [1]
DMA1_Stream7_IRQHandler
                        0x08006229           Code  Wk  startup_stm32f40_41xxx.o [1]
DMA2_Stream0_IRQHandler
                        0x0800624d           Code  Wk  startup_stm32f40_41xxx.o [1]
DMA2_Stream1_IRQHandler
                        0x08006251           Code  Wk  startup_stm32f40_41xxx.o [1]
DMA2_Stream2_IRQHandler
                        0x08006255           Code  Wk  startup_stm32f40_41xxx.o [1]
DMA2_Stream3_IRQHandler
                        0x08006259           Code  Wk  startup_stm32f40_41xxx.o [1]
DMA2_Stream4_IRQHandler
                        0x0800625d           Code  Wk  startup_stm32f40_41xxx.o [1]
DMA2_Stream5_IRQHandler
                        0x0800627d           Code  Wk  startup_stm32f40_41xxx.o [1]
DMA2_Stream6_IRQHandler
                        0x08006281           Code  Wk  startup_stm32f40_41xxx.o [1]
DMA2_Stream7_IRQHandler
                        0x08006285           Code  Wk  startup_stm32f40_41xxx.o [1]
DMA_Cmd                 0x08005cab     0x1a  Code  Gb  stm32f4xx_dma.o [1]
DMA_GetCurrDataCounter  0x08005cc5      0x6  Code  Gb  stm32f4xx_dma.o [1]
DMA_Init                0x08005c15     0x58  Code  Gb  stm32f4xx_dma.o [1]
DMA_StructInit          0x08005c6d     0x3e  Code  Gb  stm32f4xx_dma.o [1]
DebugMon_Handler        0x08006161           Code  Wk  startup_stm32f40_41xxx.o [1]
Descriptor              0x200117dc     0x80  Data  Gb  OCM.o [1]
ETH_IRQHandler          0x08006261           Code  Wk  startup_stm32f40_41xxx.o [1]
ETH_WKUP_IRQHandler     0x08006265           Code  Wk  startup_stm32f40_41xxx.o [1]
EXTI0_IRQHandler        0x08006185           Code  Wk  startup_stm32f40_41xxx.o [1]
EXTI15_10_IRQHandler    0x080044a3     0x4a  Code  Gb  DDC12_Core.o [1]
EXTI1_IRQHandler        0x08006189           Code  Wk  startup_stm32f40_41xxx.o [1]
EXTI2_IRQHandler        0x0800618d           Code  Wk  startup_stm32f40_41xxx.o [1]
EXTI3_IRQHandler        0x08006191           Code  Wk  startup_stm32f40_41xxx.o [1]
EXTI4_IRQHandler        0x08006195           Code  Wk  startup_stm32f40_41xxx.o [1]
EXTI9_5_IRQHandler      0x080044ed     0x28  Code  Gb  DDC12_Core.o [1]
EXTI_ClearITPendingBit  0x080049fb      0x6  Code  Gb  stm32f4xx_exti.o [1]
EXTI_GetITStatus        0x080049e1     0x1a  Code  Gb  stm32f4xx_exti.o [1]
EXTI_Init               0x08004959     0x88  Code  Gb  stm32f4xx_exti.o [1]
FLASH_EraseSector       0x08005267     0xc0  Code  Gb  stm32f4xx_flash.o [1]
FLASH_GetStatus         0x08005375     0x52  Code  Gb  stm32f4xx_flash.o [1]
FLASH_IRQHandler        0x0800617d           Code  Wk  startup_stm32f40_41xxx.o [1]
FLASH_Lock              0x08005255     0x12  Code  Gb  stm32f4xx_flash.o [1]
FLASH_ProgramByte       0x08005327     0x4e  Code  Gb  stm32f4xx_flash.o [1]
FLASH_SetLatency        0x0800522d      0x8  Code  Gb  stm32f4xx_flash.o [1]
FLASH_Unlock            0x08005235     0x20  Code  Gb  stm32f4xx_flash.o [1]
FLASH_WaitForLastOperation
                        0x080053e1     0x28  Code  Gb  stm32f4xx_flash.o [1]
FPU_IRQHandler          0x080062b1           Code  Wk  startup_stm32f40_41xxx.o [1]
FSMC_IRQHandler         0x0800622d           Code  Wk  startup_stm32f40_41xxx.o [1]
Flash                   0x20011a60      0x4  Data  Gb  Comands.o [1]
FlashIO::FlashIO()      0x08004eed     0x18  Code  Gb  FlashExtended.o [1]
FlashIO::GetSectorID(unsigned int)
                        0x08004f05     0x34  Code  Gb  FlashExtended.o [1]
GPIO_DeInit             0x08002889    0x118  Code  Gb  stm32f4xx_gpio.o [1]
GPIO_Init               0x080029cd     0xaa  Code  Gb  stm32f4xx_gpio.o [1]
GPIO_PinAFConfig        0x08002a99     0x5a  Code  Gb  stm32f4xx_gpio.o [1]
GPIO_ReadInputDataBit   0x08002a77     0x1a  Code  Gb  stm32f4xx_gpio.o [1]
GPIO_ResetBits          0x08002a95      0x4  Code  Gb  stm32f4xx_gpio.o [1]
GPIO_SetBits            0x08002a91      0x4  Code  Gb  stm32f4xx_gpio.o [1]
HASH_RNG_IRQHandler     0x080062ad           Code  Wk  startup_stm32f40_41xxx.o [1]
HEAP$$Base              0x20013aa0            --   Gb  - Linker created -
HEAP$$Limit             0x20015aa0            --   Gb  - Linker created -
HardFault_Handler       0x0800614d           Code  Wk  startup_stm32f40_41xxx.o [1]
I2C1_ER_IRQHandler      0x080061ed           Code  Wk  startup_stm32f40_41xxx.o [1]
I2C1_EV_IRQHandler      0x080061e9           Code  Wk  startup_stm32f40_41xxx.o [1]
I2C2_ER_IRQHandler      0x080061f5           Code  Wk  startup_stm32f40_41xxx.o [1]
I2C2_EV_IRQHandler      0x080061f1           Code  Wk  startup_stm32f40_41xxx.o [1]
I2C3_ER_IRQHandler      0x08006291           Code  Wk  startup_stm32f40_41xxx.o [1]
I2C3_EV_IRQHandler      0x0800628d           Code  Wk  startup_stm32f40_41xxx.o [1]
IWDG_ReloadCounter      0x08005f5d      0xa  Code  Gb  stm32f4xx_iwdg.o [1]
IntegratorItADC0        0x20011a6c      0x4  Data  Gb  DDC12_Core.o [1]
IntegratorItADC1        0x20011a70      0x4  Data  Gb  DDC12_Core.o [1]
LEDS                    0x20011a34      0xc  Data  Gb  LED.o [1]
LED_Init                0x08004fa5     0x4c  Code  Gb  LED.o [1]
LED_RedOff              0x08004ffb      0xa  Code  Gb  LED.o [1]
LED_RedOn               0x08004ff1      0xa  Code  Gb  LED.o [1]
LED_Reset_RED           0x0800500d     0x10  Code  Gb  LED.o [1]
LED_Set_RED             0x0800501d     0x10  Code  Gb  LED.o [1]
MemManage_Handler       0x08006151           Code  Wk  startup_stm32f40_41xxx.o [1]
N                       0x20011a78      0x4  Data  Gb  USB_StreamExample.o [1]
NMI_Handler             0x08006149           Code  Wk  startup_stm32f40_41xxx.o [1]
NVIC_EnableIRQ          0x08002389     0x18  Code  Lc  Timer.o [1]
NVIC_EnableIRQ(IRQn)    0x08005a85     0x18  Code  Lc  USART_Core.o [1]
NVIC_Init               0x0800230b     0x6a  Code  Gb  misc.o [1]
NVIC_PriorityGroupConfig
                        0x08002301      0xa  Code  Gb  misc.o [1]
OCM_DataIn              0x0800553f     0x1e  Code  Gb  OCM.o [1]
OCM_DataOut             0x0800555d     0x1c  Code  Gb  OCM.o [1]
OCM_DeInit              0x08005509     0x1a  Code  Gb  OCM.o [1]
OCM_DeviceConfigured    0x0800542d      0x2  Code  Gb  OCM.o [1]
OCM_DeviceConnected     0x08005433      0x2  Code  Gb  OCM.o [1]
OCM_DeviceDisconnected  0x08005435      0x2  Code  Gb  OCM.o [1]
OCM_DeviceInit          0x08005429      0x2  Code  Gb  OCM.o [1]
OCM_DeviceInitLowLevel  0x08005421      0x8  Code  Gb  OCM.o [1]
OCM_DeviceReset         0x0800542b      0x2  Code  Gb  OCM.o [1]
OCM_DeviceResumed       0x08005431      0x2  Code  Gb  OCM.o [1]
OCM_DeviceSuspended     0x0800542f      0x2  Code  Gb  OCM.o [1]
OCM_EP0_RxReady         0x08005539      0x6  Code  Gb  OCM.o [1]
OCM_EP0_TxSent          0x08005533      0x6  Code  Gb  OCM.o [1]
OCM_GetConfigDescriptor
                        0x08005579      0xa  Code  Gb  OCM.o [1]
OCM_GetConfigurationStrDescriptor
                        0x08005489     0x16  Code  Gb  OCM.o [1]
OCM_GetDeviceDescriptor
                        0x08005437      0xa  Code  Gb  OCM.o [1]
OCM_GetInterfaceStrDescriptor
                        0x0800549f     0x16  Code  Gb  OCM.o [1]
OCM_GetLangIDStrDescriptor
                        0x08005441      0x6  Code  Gb  OCM.o [1]
OCM_GetManufacturerStrDescriptor
                        0x08005447     0x16  Code  Gb  OCM.o [1]
OCM_GetProductStrDescriptor
                        0x0800545d     0x16  Code  Gb  OCM.o [1]
OCM_GetReceivedByteCountFromEndpont
                        0x080056e3     0x10  Code  Gb  OCM.o [1]
OCM_GetSerialStrDescriptor
                        0x08005473     0x16  Code  Gb  OCM.o [1]
OCM_Handle              0x20010074    0x5f4  Data  Gb  OCM.o [1]
OCM_Init                0x080054b5     0x54  Code  Gb  OCM.o [1]
OCM_InitDescriptors     0x080055a7     0xa8  Code  Gb  OCM.o [1]
OCM_InitUSBD_Class      0x0800564f     0x32  Code  Gb  OCM.o [1]
OCM_InitUSBD_DEVICE     0x08005681     0x2c  Code  Gb  OCM.o [1]
OCM_InitUSBD_Usr_cb     0x080056ad     0x2c  Code  Gb  OCM.o [1]
OCM_InterfaceName       0x2000006c      0x4  Data  Gb  OCM.o [1]
OCM_LowLevelInit        0x08005583     0x24  Code  Gb  OCM.o [1]
OCM_Name                0x20000060      0x4  Data  Gb  OCM.o [1]
OCM_PID                 0x080041b2      0x2  Data  Gb  OCM.o [1]
OCM_SendBulk            0x080056f3     0x16  Code  Gb  OCM.o [1]
OCM_SerialNumber        0x20000068      0x4  Data  Gb  OCM.o [1]
OCM_Setup               0x08005523     0x10  Code  Gb  OCM.o [1]
OCM_USBD_Class          0x200119a4     0x2c  Data  Gb  OCM.o [1]
OCM_USBD_DEVICE         0x200119d0     0x1c  Data  Gb  OCM.o [1]
OCM_USBD_Usr_cb         0x200119ec     0x1c  Data  Gb  OCM.o [1]
OCM_USB_DeviceDescriptor
                        0x20011a20     0x14  Data  Gb  OCM.o [1]
OCM_USB_LangIDDescriptor
                        0x20011a74      0x4  Data  Gb  OCM.o [1]
OCM_USB_device_qualifier
                        0x20011a40      0xc  Data  Gb  OCM.o [1]
OCM_VID                 0x08002af2      0x2  Data  Gb  OCM.o [1]
OCM_Vendor_Name         0x20000064      0x4  Data  Gb  OCM.o [1]
OTG_FS_IRQHandler       0x080056d9      0xa  Code  Gb  OCM.o [1]
OTG_FS_WKUP_IRQHandler  0x08006215           Code  Wk  startup_stm32f40_41xxx.o [1]
OTG_HS_EP1_IN_IRQHandler
                        0x08006299           Code  Wk  startup_stm32f40_41xxx.o [1]
OTG_HS_EP1_OUT_IRQHandler
                        0x08006295           Code  Wk  startup_stm32f40_41xxx.o [1]
OTG_HS_IRQHandler       0x080062a1           Code  Wk  startup_stm32f40_41xxx.o [1]
OTG_HS_WKUP_IRQHandler  0x0800629d           Code  Wk  startup_stm32f40_41xxx.o [1]
PVD_IRQHandler          0x08006171           Code  Wk  startup_stm32f40_41xxx.o [1]
PendSV_Handler          0x08006165           Code  Wk  startup_stm32f40_41xxx.o [1]
RCC_AHB1PeriphClockCmd  0x080026f1     0x1e  Code  Gb  stm32f4xx_rcc.o [1]
RCC_AHB1PeriphResetCmd  0x08002769     0x1e  Code  Gb  stm32f4xx_rcc.o [1]
RCC_AHB2PeriphClockCmd  0x0800270f     0x1e  Code  Gb  stm32f4xx_rcc.o [1]
RCC_APB1PeriphClockCmd  0x0800272d     0x1e  Code  Gb  stm32f4xx_rcc.o [1]
RCC_APB1PeriphResetCmd  0x08002787     0x1e  Code  Gb  stm32f4xx_rcc.o [1]
RCC_APB2PeriphClockCmd  0x0800274b     0x1e  Code  Gb  stm32f4xx_rcc.o [1]
RCC_APB2PeriphResetCmd  0x080027a5     0x1e  Code  Gb  stm32f4xx_rcc.o [1]
RCC_ClearFlag           0x08002813      0xe  Code  Gb  stm32f4xx_rcc.o [1]
RCC_DeInit              0x0800249d     0x6a  Code  Gb  stm32f4xx_rcc.o [1]
RCC_GetClocksFreq       0x080025ef    0x102  Code  Gb  stm32f4xx_rcc.o [1]
RCC_GetFlagStatus       0x080027c3     0x50  Code  Gb  stm32f4xx_rcc.o [1]
RCC_HCLKConfig          0x080025a5     0x18  Code  Gb  stm32f4xx_rcc.o [1]
RCC_HSEConfig           0x08002507     0x10  Code  Gb  stm32f4xx_rcc.o [1]
RCC_HSICmd              0x08002557      0xa  Code  Gb  stm32f4xx_rcc.o [1]
RCC_IRQHandler          0x08006181           Code  Wk  startup_stm32f40_41xxx.o [1]
RCC_PCLK1Config         0x080025bd     0x18  Code  Gb  stm32f4xx_rcc.o [1]
RCC_PCLK2Config         0x080025d5     0x1a  Code  Gb  stm32f4xx_rcc.o [1]
RCC_PLLCmd              0x08002583      0xa  Code  Gb  stm32f4xx_rcc.o [1]
RCC_PLLConfig           0x08002561     0x22  Code  Gb  stm32f4xx_rcc.o [1]
RCC_SYSCLKConfig        0x0800258d     0x18  Code  Gb  stm32f4xx_rcc.o [1]
RCC_WaitForHSEStartUp   0x08002517     0x40  Code  Gb  stm32f4xx_rcc.o [1]
RTC_Alarm_IRQHandler    0x08006211           Code  Wk  startup_stm32f40_41xxx.o [1]
RTC_WKUP_IRQHandler     0x08006179           Code  Wk  startup_stm32f40_41xxx.o [1]
ReceiveStack            0x10007530     0x14  Data  Gb  USB_Stream.o [1]
ReceivedByteCount       0x20011a96      0x2  Data  Gb  USART_Core.o [1]
Region$$Table$$Base     0x08006028            --   Gb  - Linker created -
Region$$Table$$Limit    0x08006060            --   Gb  - Linker created -
Reset_Handler           0x08006121           Code  Wk  startup_stm32f40_41xxx.o [1]
SDIO_IRQHandler         0x08006231           Code  Wk  startup_stm32f40_41xxx.o [1]
SET_TEST_MODE           0x20011a7c      0x4  Data  Gb  usbd_core.o [1]
SHT$$INIT_ARRAY$$Base   0x080062b4            --   Gb  - Linker created -
SHT$$INIT_ARRAY$$Limit  0x080062b8            --   Gb  - Linker created -
SHT$$PREINIT_ARRAY$$Base
                        0x080062b4            --   Gb  - Linker created -
SHT$$PREINIT_ARRAY$$Limit
                        0x080062b4            --   Gb  - Linker created -
SPI1_IRQHandler         0x080061f9           Code  Wk  startup_stm32f40_41xxx.o [1]
SPI2_IRQHandler         0x080061fd           Code  Wk  startup_stm32f40_41xxx.o [1]
SPI3_IRQHandler         0x08006239           Code  Wk  startup_stm32f40_41xxx.o [1]
SVC_Handler             0x0800615d           Code  Wk  startup_stm32f40_41xxx.o [1]
SYSCFG_CompensationCellCmd
                        0x08004949      0x8  Code  Gb  stm32f4xx_syscfg.o [1]
SYSCFG_EXTILineConfig   0x080048f9     0x50  Code  Gb  stm32f4xx_syscfg.o [1]
SamplesADC0A_Chanel0    0x2001083c    0x190  Data  Gb  DDC12_Core.o [1]
SamplesADC0A_Chanel1    0x200109cc    0x190  Data  Gb  DDC12_Core.o [1]
SamplesADC0B_Chanel0    0x20010b5c    0x190  Data  Gb  DDC12_Core.o [1]
SamplesADC0B_Chanel1    0x20010cec    0x190  Data  Gb  DDC12_Core.o [1]
SamplesADC1A_Chanel0    0x20010e7c    0x190  Data  Gb  DDC12_Core.o [1]
SamplesADC1A_Chanel1    0x2001100c    0x190  Data  Gb  DDC12_Core.o [1]
SamplesADC1B_Chanel0    0x2001119c    0x190  Data  Gb  DDC12_Core.o [1]
SamplesADC1B_Chanel1    0x2001132c    0x190  Data  Gb  DDC12_Core.o [1]
SectorBegin             0x08005fa0     0x30  Data  Lc  FlashExtended.o [1]
SetSysClock             0x08005d23     0xf4  Code  Lc  system_stm32f4xx.o [1]
StartAddres             0x08005fd0     0x30  Data  Lc  FlashExtended.o [1]
StartIntegrationADC0    0x20011a64      0x4  Data  Gb  DDC12_Core.o [1]
StartIntegrationADC1    0x20011a68      0x4  Data  Gb  DDC12_Core.o [1]
SysTick_Handler         0x08006169           Code  Wk  startup_stm32f40_41xxx.o [1]
SystemInit              0x08005cd1     0x52  Code  Gb  system_stm32f4xx.o [1]
TAMP_STAMP_IRQHandler   0x08006175           Code  Wk  startup_stm32f40_41xxx.o [1]
TIM1_BRK_TIM9_IRQHandler
                        0x080061cd           Code  Wk  startup_stm32f40_41xxx.o [1]
TIM1_CC_IRQHandler      0x080061d9           Code  Wk  startup_stm32f40_41xxx.o [1]
TIM1_TRG_COM_TIM11_IRQHandler
                        0x080061d5           Code  Wk  startup_stm32f40_41xxx.o [1]
TIM1_UP_TIM10_IRQHandler
                        0x080061d1           Code  Wk  startup_stm32f40_41xxx.o [1]
TIM2_IRQHandler         0x08002477     0x26  Code  Gb  Timer.o [1]
TIM3_IRQHandler         0x080061e1           Code  Wk  startup_stm32f40_41xxx.o [1]
TIM4_IRQHandler         0x080061e5           Code  Wk  startup_stm32f40_41xxx.o [1]
TIM5_IRQHandler         0x08006235           Code  Wk  startup_stm32f40_41xxx.o [1]
TIM6_DAC_IRQHandler     0x08006245           Code  Wk  startup_stm32f40_41xxx.o [1]
TIM7_IRQHandler         0x08006249           Code  Wk  startup_stm32f40_41xxx.o [1]
TIM8_BRK_TIM12_IRQHandler
                        0x08006219           Code  Wk  startup_stm32f40_41xxx.o [1]
TIM8_CC_IRQHandler      0x08006225           Code  Wk  startup_stm32f40_41xxx.o [1]
TIM8_TRG_COM_TIM14_IRQHandler
                        0x08006221           Code  Wk  startup_stm32f40_41xxx.o [1]
TIM8_UP_TIM13_IRQHandler
                        0x0800621d           Code  Wk  startup_stm32f40_41xxx.o [1]
TIM_ClearITPendingBit   0x08002d79      0x8  Code  Gb  stm32f4xx_tim.o [1]
TIM_Cmd                 0x08002cdf     0x1c  Code  Gb  stm32f4xx_tim.o [1]
TIM_DeInit              0x08002af5    0x17c  Code  Gb  stm32f4xx_tim.o [1]
TIM_GetITStatus         0x08002d47     0x32  Code  Gb  stm32f4xx_tim.o [1]
TIM_ITConfig            0x08002d31     0x16  Code  Gb  stm32f4xx_tim.o [1]
TIM_SetAutoreload       0x08002cdb      0x4  Code  Gb  stm32f4xx_tim.o [1]
TIM_TimeBaseInit        0x08002c71     0x6a  Code  Gb  stm32f4xx_tim.o [1]
TestStructure           0x20011944     0x34  Data  Gb  Comands.o [1]
TestValue               0x20011a50      0x8  Data  Gb  DDC12.o [1]
TestValueOrigin         0x20011a58      0x8  Data  Gb  DDC12.o [1]
Time                    0x20011a94      0x2  Data  Gb  Comands.o [1]
Timer_InitMilisecond    0x080023a1     0x50  Code  Gb  Timer.o [1]
Timer_PrepareWaitTimer  0x0800240d     0x38  Code  Gb  Timer.o [1]
Timer_SetPrescalar      0x080023f1      0x6  Code  Gb  Timer.o [1]
Timer_WaitLoop          0x08002401      0xc  Code  Gb  Timer.o [1]
Timer_WaitMicrosec      0x0800245f     0x18  Code  Gb  Timer.o [1]
Timer_WaitMilisec       0x08002445     0x1a  Code  Gb  Timer.o [1]
UART4_IRQHandler        0x0800623d           Code  Wk  startup_stm32f40_41xxx.o [1]
UART5_IRQHandler        0x08006241           Code  Wk  startup_stm32f40_41xxx.o [1]
USART1_IRQHandler       0x08006201           Code  Wk  startup_stm32f40_41xxx.o [1]
USART2_IRQHandler       0x08005bbd     0x3a  Code  Gb  USART_Core.o [1]
USART3_IRQHandler       0x08006209           Code  Wk  startup_stm32f40_41xxx.o [1]
USART6_IRQHandler       0x08006289           Code  Wk  startup_stm32f40_41xxx.o [1]
USART_ClearITPendingBit
                        0x08005a5f     0x24  Code  Gb  stm32f4xx_usart.o [1]
USART_Cmd               0x08005969     0x1c  Code  Gb  stm32f4xx_usart.o [1]
USART_Core_Init_HardwareLayer
                        0x08005a9d    0x116  Code  Gb  USART_Core.o [1]
USART_Core_Test         0x08005bb3      0xa  Code  Gb  USART_Core.o [1]
USART_DMACmd            0x08005985     0x16  Code  Gb  stm32f4xx_usart.o [1]
USART_GetITStatus       0x080059f1     0x6e  Code  Gb  stm32f4xx_usart.o [1]
USART_ITConfig          0x0800599b     0x56  Code  Gb  stm32f4xx_usart.o [1]
USART_Init              0x0800586d     0xee  Code  Gb  stm32f4xx_usart.o [1]
USBD_ClrCfg             0x08003afd     0x18  Code  Gb  usbd_core.o [1]
USBD_ClrFeature         0x08003349     0x3a  Code  Lc  usbd_req.o [1]
USBD_CtlContinueRx      0x0800348d     0x1e  Code  Gb  usbd_ioreq.o [1]
USBD_CtlContinueSendData
                        0x0800346f     0x1e  Code  Gb  usbd_ioreq.o [1]
USBD_CtlError           0x080033c7     0x1e  Code  Gb  usbd_req.o [1]
USBD_CtlReceiveStatus   0x080034cf     0x24  Code  Gb  usbd_ioreq.o [1]
USBD_CtlSendData        0x0800343f     0x30  Code  Gb  usbd_ioreq.o [1]
USBD_CtlSendStatus      0x080034ab     0x24  Code  Gb  usbd_ioreq.o [1]
USBD_DCD_INT_cb         0x20000000     0x2c  Data  Gb  usbd_core.o [1]
USBD_DCD_INT_fops       0x20000070      0x4  Data  Gb  usbd_core.o [1]
USBD_DataInStage        0x0800396f     0xd2  Code  Lc  usbd_core.o [1]
USBD_DataOutStage       0x080038d5     0x9a  Code  Lc  usbd_core.o [1]
USBD_DeInit             0x0800387d      0x6  Code  Gb  usbd_core.o [1]
USBD_GetConfig          0x0800321b     0x48  Code  Lc  usbd_req.o [1]
USBD_GetDescriptor      0x08002fbf    0x136  Code  Lc  usbd_req.o [1]
USBD_GetLen             0x0800342b     0x14  Code  Lc  usbd_req.o [1]
USBD_GetStatus          0x08003263     0x40  Code  Lc  usbd_req.o [1]
USBD_GetString          0x080033e5     0x46  Code  Gb  usbd_req.o [1]
USBD_Init               0x08003839     0x44  Code  Gb  usbd_core.o [1]
USBD_IsoINIncomplete    0x08003b15     0x12  Code  Lc  usbd_core.o [1]
USBD_IsoOUTIncomplete   0x08003b27     0x12  Code  Lc  usbd_core.o [1]
USBD_OCM_CfgDesc        0x2000002c     0x20  Data  Gb  OCM.o [1]
USBD_OTG_ISR_Handler    0x08003b39     0xea  Code  Gb  usb_dcd_int.o [1]
USBD_ParseSetupRequest  0x08003383     0x44  Code  Gb  usbd_req.o [1]
USBD_Reset              0x08003a55     0x30  Code  Lc  usbd_core.o [1]
USBD_Resume             0x08003a85     0x1e  Code  Lc  usbd_core.o [1]
USBD_RunTestMode        0x08003a41      0xe  Code  Lc  usbd_core.o [1]
USBD_SOF                0x08003ac1     0x1c  Code  Lc  usbd_core.o [1]
USBD_SetAddress         0x080030f5     0x60  Code  Lc  usbd_req.o [1]
USBD_SetCfg             0x08003add     0x20  Code  Gb  usbd_core.o [1]
USBD_SetConfig          0x08003155     0xc6  Code  Lc  usbd_req.o [1]
USBD_SetFeature         0x080032a3     0x90  Code  Lc  usbd_req.o [1]
USBD_SetupStage         0x08003883     0x52  Code  Lc  usbd_core.o [1]
USBD_StdDevReq          0x08002d81     0x7c  Code  Gb  usbd_req.o [1]
USBD_StdEPReq           0x08002e4b    0x174  Code  Gb  usbd_req.o [1]
USBD_StdItfReq          0x08002dfd     0x4e  Code  Gb  usbd_req.o [1]
USBD_Suspend            0x08003aa3     0x1e  Code  Lc  usbd_core.o [1]
USBD_cfg_status         0x20011a88      0x4  Data  Gb  usbd_req.o [1]
USBD_default_cfg        0x20011a84      0x4  Data  Gb  usbd_req.o [1]
USBD_ep_status          0x20011a80      0x4  Data  Gb  usbd_req.o [1]
USB_GPIO_DA_Init        0x08002287     0x40  Code  Gb  USB_GPIO.o [1]
USB_GPIO_DA_VBUS_Init   0x080022c7     0x36  Code  Gb  USB_GPIO.o [1]
USB_GPIO_Init           0x0800226d     0x1a  Code  Gb  USB_GPIO.o [1]
USB_OTG_BSP_EnableInterrupt
                        0x08002201     0x2e  Code  Gb  usb_bsp.o [1]
USB_OTG_BSP_Init        0x080021f1     0x10  Code  Gb  usb_bsp.o [1]
USB_OTG_BSP_mDelay      0x0800223d      0xe  Code  Gb  usb_bsp.o [1]
USB_OTG_BSP_uDelay      0x0800222f      0xe  Code  Gb  usb_bsp.o [1]
USB_OTG_CoreInit        0x080017dd     0xce  Code  Gb  usb_core.o [1]
USB_OTG_CoreInitDev     0x080019fb    0x1a2  Code  Gb  usb_core.o [1]
USB_OTG_CoreReset       0x08001627     0x60  Code  Lc  usb_core.o [1]
USB_OTG_DisableGlobalInt
                        0x080018c9     0x1e  Code  Gb  usb_core.o [1]
USB_OTG_EP0Activate     0x08001c2b     0x50  Code  Gb  usb_core.o [1]
USB_OTG_EP0StartXfer    0x08001ed9    0x12c  Code  Gb  usb_core.o [1]
USB_OTG_EP0_OutStart    0x080020cf     0x52  Code  Gb  usb_core.o [1]
USB_OTG_EPActivate      0x08001c7b     0x7a  Code  Gb  usb_core.o [1]
USB_OTG_EPClearStall    0x0800204f     0x46  Code  Gb  usb_core.o [1]
USB_OTG_EPDeactivate    0x08001cf5     0x58  Code  Gb  usb_core.o [1]
USB_OTG_EPSetStall      0x08002005     0x4a  Code  Gb  usb_core.o [1]
USB_OTG_EPStartXfer     0x08001d4d    0x18c  Code  Gb  usb_core.o [1]
USB_OTG_EnableCommonInt
                        0x08001605     0x22  Code  Lc  usb_core.o [1]
USB_OTG_EnableDevInt    0x08001b9d     0x5a  Code  Gb  usb_core.o [1]
USB_OTG_EnableGlobalInt
                        0x080018ab     0x1e  Code  Gb  usb_core.o [1]
USB_OTG_FlushRxFifo     0x0800192f     0x40  Code  Gb  usb_core.o [1]
USB_OTG_FlushTxFifo     0x080018e7     0x48  Code  Gb  usb_core.o [1]
USB_OTG_GetDeviceSpeed  0x08001bf7     0x34  Code  Gb  usb_core.o [1]
USB_OTG_GetMode         0x080019b5      0xa  Code  Gb  usb_core.o [1]
USB_OTG_InitDevSpeed    0x080019e9     0x12  Code  Gb  usb_core.o [1]
USB_OTG_IsDeviceMode    0x080019bf     0x18  Code  Gb  usb_core.o [1]
USB_OTG_ReadCoreItr     0x080019d7     0x12  Code  Gb  usb_core.o [1]
USB_OTG_ReadDevAllInEPItr
                        0x080020bd     0x12  Code  Gb  usb_core.o [1]
USB_OTG_ReadDevAllOutEp_itr
                        0x08002095     0x12  Code  Gb  usb_core.o [1]
USB_OTG_ReadDevOutEP_itr
                        0x080020a7     0x16  Code  Gb  usb_core.o [1]
USB_OTG_ReadPacket      0x080016cf     0x2c  Code  Gb  usb_core.o [1]
USB_OTG_SelectCore      0x080016fb     0xe2  Code  Gb  usb_core.o [1]
USB_OTG_SetCurrentMode  0x08001979     0x3c  Code  Gb  usb_core.o [1]
USB_OTG_SetEPStatus     0x08002121     0xd0  Code  Gb  usb_core.o [1]
USB_OTG_WritePacket     0x08001687     0x48  Code  Gb  usb_core.o [1]
USB_StreamExample_ComunicationSeunence
                        0x08005f11     0x22  Code  Gb  USB_StreamExample.o [1]
USB_StreamExample_SetupSequnce
                        0x08005ef1     0x20  Code  Gb  USB_StreamExample.o [1]
USB_Stream_ClearInternalFIFO
                        0x0800518f     0x1e  Code  Gb  USB_Stream.o [1]
USB_Stream_GetDataFromStack
                        0x08005167     0x28  Code  Gb  USB_Stream.o [1]
USB_Stream_GetMaxRxCount
                        0x08005131      0x6  Code  Gb  USB_Stream.o [1]
USB_Stream_GetPointerBuffer
                        0x080051dd      0x6  Code  Gb  USB_Stream.o [1]
USB_Stream_GetStateTxReady
                        0x080051c7      0x6  Code  Gb  USB_Stream.o [1]
USB_Stream_Init         0x08005155     0x12  Code  Gb  USB_Stream.o [1]
USB_Stream_PutData      0x080050cb     0x66  Code  Gb  USB_Stream.o [1]
USB_Stream_Receive      0x0800509d     0x2e  Code  Gb  USB_Stream.o [1]
USB_Stream_ResetStateTxReady
                        0x080051d5      0x8  Code  Gb  USB_Stream.o [1]
USB_Stream_Send         0x080051ad     0x1a  Code  Gb  USB_Stream.o [1]
USB_Stream_SetStateTxReady
                        0x080051cd      0x8  Code  Gb  USB_Stream.o [1]
USB_Stream_USB_Stack_Init
                        0x08005137     0x1e  Code  Gb  USB_Stream.o [1]
UnicodeStringDescriptorInterfaceName
                        0x20011714     0xc8  Data  Gb  OCM.o [1]
UnicodeStringDescriptorName
                        0x200114bc     0xc8  Data  Gb  OCM.o [1]
UnicodeStringDescriptorSerialNumber
                        0x2001164c     0xc8  Data  Gb  OCM.o [1]
UnicodeStringDescriptorVendorName
                        0x20011584     0xc8  Data  Gb  OCM.o [1]
UnsignedBuffer32BitToUnsigned8bitFormatBuffer
                        0x080051e9     0x3c  Code  Gb  ByteConversion.o [1]
UsageFault_Handler      0x08006159           Code  Wk  startup_stm32f40_41xxx.o [1]
WWDG_IRQHandler         0x0800616d           Code  Wk  startup_stm32f40_41xxx.o [1]
__aeabi_memcpy          0x080057f5           Code  Gb  ABImemcpy.o [6]
__aeabi_memcpy4         0x08005815           Code  Gb  ABImemcpy.o [6]
__aeabi_memcpy8         0x08005815           Code  Gb  ABImemcpy.o [6]
__call_ctors            0x08006081     0x18  Code  Gb  cppinit.o [3]
__cmain                 0x080060d1           Code  Gb  cmain.o [6]
__data_GetMemChunk      0x080015c5     0x2c  Code  Gb  xgetmemchunk.o [3]
__exit                  0x080015f1     0x14  Code  Gb  exit.o [7]
__iar_copy_init3        0x08001597     0x2e  Code  Gb  copy_init3.o [6]
__iar_cstart_call_ctors
                        0x08006061     0x20  Code  Gb  cmain_call_ctors.o [6]
__iar_data_init3        0x08006001     0x28  Code  Gb  data_init.o [6]
__iar_debug_exceptions  0x0800509a      0x1  Data  Gb  unwind_debug.o [7]
__iar_dlfree            0x080010ab    0x4de  Code  Gb  dlmalloc.o [3]
__iar_dlmalloc          0x08000e0f    0x29c  Code  Gb  dlmalloc.o [3]
__iar_init_vfp          0x080060b5           Code  Gb  fpinit_M.o [5]
__iar_program_start     0x0800613d           Code  Gb  cstartup_M.o [6]
__iar_zero_init3        0x0800224b     0x22  Code  Gb  zero_init3.o [6]
__low_level_init        0x080060e7      0x4  Code  Gb  low_level_init.o [3]
__sti__routine          0x08004b3d      0xa  Code  Lc  Comands.o [1]
__vector_table          0x08000000           Data  Gb  startup_stm32f40_41xxx.o [1]
_call_main              0x080060dd           Code  Gb  cmain.o [6]
_exit                   0x080060f1           Code  Gb  cexit.o [6]
_gm_                    0x20010668    0x1d4  Data  Lc  dlmalloc.o [3]
_main                   0x080060e3           Code  Gb  cmain.o [6]
abort                   0x08001591      0x6  Code  Gb  abort.o [3]
exit                    0x080060eb      0x4  Code  Gb  exit.o [3]
g_AddresSPIN            0x2000005c      0x4  Data  Gb  Comands.o [1]
iWD_Fault_is_Detected   0x08005f39     0x1a  Code  Gb  Indep_WD.o [1]
iWD_RefreshCountet      0x08005f53      0x8  Code  Gb  Indep_WD.o [1]
init_mparams            0x080001a3     0x34  Code  Lc  dlmalloc.o [3]
init_top                0x080001d7     0x34  Code  Lc  dlmalloc.o [3]
main                    0x08005f6d     0x32  Code  Gb  main.o [1]
memcpy                  0x080057d1     0x16  Code  Gb  FlashExtended.o [1]
mparams                 0x20011a08     0x18  Data  Lc  dlmalloc.o [3]
operator delete (void *)
                        0x080057e7      0xa  Code  Gb  delop_0.o [4]
operator delete[] (void *)
                        0x0800541d      0x4  Code  Gb  delaop_0.o [4]
operator new (unsigned int)
                        0x080057ad     0x24  Code  Gb  newop_0.o [4]
operator new[] (unsigned int)
                        0x08005225      0x8  Code  Gb  newaop_0.o [4]
prepend_alloc           0x0800020b    0x320  Code  Lc  dlmalloc.o [3]
segment_holding         0x08000189     0x1a  Code  Lc  dlmalloc.o [3]
std::_NomemoryNothrow()
                        0x080057f1      0x4  Code  Gb  nomemory.o [4]
std::__iar_New_hand     0x20011a90      0x4  Data  Gb  new.o [4]
sys_alloc               0x0800052b    0x34e  Code  Lc  dlmalloc.o [3]
tmalloc_large           0x08000885    0x37e  Code  Lc  dlmalloc.o [3]
tmalloc_small           0x08000c03    0x1f8  Code  Lc  dlmalloc.o [3]
void FlashIO::Serialize<cSPIN_RegsStruct_TypeDef>(cSPIN_RegsStruct_TypeDef &, unsigned char *)
                        0x08005409     0x14  Code  Gb  Comands.o [1]
void FlashIO::Write<cSPIN_RegsStruct_TypeDef>(unsigned int, cSPIN_RegsStruct_TypeDef *, unsigned int)
                        0x0800502d     0x6e  Code  Gb  Comands.o [1]


[1] = D:\GitHubAndGitlab\OpenComunicationModule\src\iar\Debug\Obj
[2] = command line
[3] = dl7M_tln.a
[4] = dlpp7M_tl_nc.a
[5] = m7M_tlv.a
[6] = rt7M_tl.a
[7] = shb_l.a

  25 031 bytes of readonly  code memory
     357 bytes of readonly  data memory
  88 730 bytes of readwrite data memory (+ 4 116 absolute)

Errors: none
Warnings: none
